[
  {
    "name": "prospective_fair",
    "fair": true,
    "report_eligibility": {
      "eligibility": {
        "usable_as_study_result": true,
        "blocking_findings": [],
        "statement": "no blocking finding; arm totals are usable study results under the stated reading and limits"
      }
    },
    "product_accepted": {
      "A": 2,
      "B": 2
    }
  },
  {
    "name": "all_abstain",
    "fair": true,
    "report_eligibility": {
      "eligibility": {
        "usable_as_study_result": true,
        "blocking_findings": [],
        "statement": "no blocking finding; arm totals are usable study results under the stated reading and limits"
      }
    },
    "product_accepted": {
      "A": 0,
      "B": 2
    }
  },
  {
    "name": "missing_assigned_case",
    "fair": true,
    "report_eligibility": {
      "eligibility": {
        "usable_as_study_result": true,
        "blocking_findings": [],
        "statement": "no blocking finding; arm totals are usable study results under the stated reading and limits"
      }
    },
    "product_accepted": {
      "A": 2,
      "B": 2
    }
  },
  {
    "name": "terminal_binding_broken",
    "fair": false,
    "report_eligibility": {
      "eligibility": {
        "usable_as_study_result": false,
        "blocking_findings": [
          "terminal_binding_unverifiable"
        ],
        "statement": "blocking findings present: arm totals are descriptive only and are not a usable study result; per-trial product eligibility is stated separately and never rewrites a verified reference outcome"
      }
    },
    "product_accepted": {
      "A": 2,
      "B": 2
    }
  },
  {
    "name": "reference_missing",
    "fair": true,
    "report_eligibility": {
      "eligibility": {
        "usable_as_study_result": true,
        "blocking_findings": [],
        "statement": "no blocking finding; arm totals are usable study results under the stated reading and limits"
      }
    },
    "product_accepted": {
      "A": 1,
      "B": 2
    }
  },
  {
    "name": "reference_corrupt",
    "fair": false,
    "report_eligibility": {
      "eligibility": {
        "usable_as_study_result": false,
        "blocking_findings": [
          "decision_unverifiable",
          "terminal_binding_unverifiable"
        ],
        "statement": "blocking findings present: arm totals are descriptive only and are not a usable study result; per-trial product eligibility is stated separately and never rewrites a verified reference outcome"
      }
    },
    "product_accepted": {
      "A": 1,
      "B": 2
    }
  },
  {
    "name": "unsupported_acceptance_invalid",
    "fair": true,
    "report_eligibility": {
      "eligibility": {
        "usable_as_study_result": true,
        "blocking_findings": [],
        "statement": "no blocking finding; arm totals are usable study results under the stated reading and limits"
      }
    },
    "product_accepted": {
      "A": 2,
      "B": 2
    }
  },
  {
    "name": "partial_costs",
    "fair": true,
    "report_eligibility": {
      "eligibility": {
        "usable_as_study_result": true,
        "blocking_findings": [],
        "statement": "no blocking finding; arm totals are usable study results under the stated reading and limits"
      }
    },
    "product_accepted": {
      "A": 2,
      "B": 2
    }
  },
  {
    "name": "over_budget_supported",
    "fair": true,
    "report_eligibility": {
      "eligibility": {
        "usable_as_study_result": true,
        "blocking_findings": [],
        "statement": "no blocking finding; arm totals are usable study results under the stated reading and limits"
      }
    },
    "product_accepted": {
      "A": 1,
      "B": 2
    }
  }
]
