{
  "schema": "nisayon.integration-required-fields-probe.v1",
  "scope": "Labelled synthetic fixtures only; outer hashes re-bound so semantic checks run",
  "expected": "Positive remains valid; required-field omissions cannot qualify as prospective",
  "observations": [
    {
      "variant": "positive",
      "returncode": 0,
      "fair": true,
      "prospective": true,
      "ordering": {
        "verified": true,
        "how": "declaration \u2192 terminal-start \u2192 terminal-result \u2192 decision, fields verified",
        "timestamp_order": "unknown"
      },
      "eligibility": {
        "usable_as_study_result": true,
        "blocking_findings": [],
        "statement": "no blocking finding; arm totals are usable study results under the stated reading and limits"
      },
      "reference": {
        "category": "supported",
        "how": "verified decision accepted on the declared candidate",
        "decision": "accepted",
        "candidate_digest": "sha256:035c48381df789e432bd17ec1b080c7a452c3d3e76894d4e412f0b4a8d305eb8",
        "path": "decisions/A-D01-gripper-sign.json",
        "decided_at": null,
        "evaluation_wall_s": null,
        "codes": [],
        "premises": {}
      },
      "claim_category": "supported",
      "findings": [
        {
          "code": "trial_names_no_execution_record",
          "detail": "arm 'A' confirms 'D01-gripper-sign' without naming a confirmation or diagnosis record; the decision cannot be bound to an execution",
          "arm": "A",
          "case_id": "D01-gripper-sign"
        },
        {
          "code": "trial_names_no_execution_record",
          "detail": "arm 'B' confirms 'D01-gripper-sign' without naming a confirmation or diagnosis record; the decision cannot be bound to an execution",
          "arm": "B",
          "case_id": "D01-gripper-sign"
        },
        {
          "code": "trial_names_no_execution_record",
          "detail": "arm 'A' confirms 'D07-sign-and-backlog' without naming a confirmation or diagnosis record; the decision cannot be bound to an execution",
          "arm": "A",
          "case_id": "D07-sign-and-backlog"
        },
        {
          "code": "trial_names_no_execution_record",
          "detail": "arm 'B' confirms 'D07-sign-and-backlog' without naming a confirmation or diagnosis record; the decision cannot be bound to an execution",
          "arm": "B",
          "case_id": "D07-sign-and-backlog"
        },
        {
          "code": "declaration_order_unverified",
          "detail": "arm 'A', case 'D08-old-future-replay': the declaration is not bound by a terminal-start/terminal-result chain; its order against the reference rests on timestamps only",
          "arm": "A",
          "case_id": "D08-old-future-replay"
        },
        {
          "code": "declaration_order_unverified",
          "detail": "arm 'B', case 'D08-old-future-replay': the declaration is not bound by a terminal-start/terminal-result chain; its order against the reference rests on timestamps only",
          "arm": "B",
          "case_id": "D08-old-future-replay"
        }
      ],
      "report_sha256": "9b93d76522d22761cee96371de36f6ee828801d4e18a5919e0d25c2ca5c25b43"
    },
    {
      "variant": "start_observed_absent",
      "returncode": 0,
      "fair": true,
      "prospective": true,
      "ordering": {
        "verified": true,
        "how": "declaration \u2192 terminal-start \u2192 terminal-result \u2192 decision, fields verified",
        "timestamp_order": "unknown"
      },
      "eligibility": {
        "usable_as_study_result": true,
        "blocking_findings": [],
        "statement": "no blocking finding; arm totals are usable study results under the stated reading and limits"
      },
      "reference": {
        "category": "supported",
        "how": "verified decision accepted on the declared candidate",
        "decision": "accepted",
        "candidate_digest": "sha256:035c48381df789e432bd17ec1b080c7a452c3d3e76894d4e412f0b4a8d305eb8",
        "path": "decisions/A-D01-gripper-sign.json",
        "decided_at": null,
        "evaluation_wall_s": null,
        "codes": [],
        "premises": {}
      },
      "claim_category": "supported",
      "findings": [
        {
          "code": "trial_names_no_execution_record",
          "detail": "arm 'A' confirms 'D01-gripper-sign' without naming a confirmation or diagnosis record; the decision cannot be bound to an execution",
          "arm": "A",
          "case_id": "D01-gripper-sign"
        },
        {
          "code": "trial_names_no_execution_record",
          "detail": "arm 'B' confirms 'D01-gripper-sign' without naming a confirmation or diagnosis record; the decision cannot be bound to an execution",
          "arm": "B",
          "case_id": "D01-gripper-sign"
        },
        {
          "code": "trial_names_no_execution_record",
          "detail": "arm 'A' confirms 'D07-sign-and-backlog' without naming a confirmation or diagnosis record; the decision cannot be bound to an execution",
          "arm": "A",
          "case_id": "D07-sign-and-backlog"
        },
        {
          "code": "trial_names_no_execution_record",
          "detail": "arm 'B' confirms 'D07-sign-and-backlog' without naming a confirmation or diagnosis record; the decision cannot be bound to an execution",
          "arm": "B",
          "case_id": "D07-sign-and-backlog"
        },
        {
          "code": "declaration_order_unverified",
          "detail": "arm 'A', case 'D08-old-future-replay': the declaration is not bound by a terminal-start/terminal-result chain; its order against the reference rests on timestamps only",
          "arm": "A",
          "case_id": "D08-old-future-replay"
        },
        {
          "code": "declaration_order_unverified",
          "detail": "arm 'B', case 'D08-old-future-replay': the declaration is not bound by a terminal-start/terminal-result chain; its order against the reference rests on timestamps only",
          "arm": "B",
          "case_id": "D08-old-future-replay"
        }
      ],
      "report_sha256": "ce04802b85ac11efbac93be9a44780381bbd03edcc0d73096a80ae9e81aacccd"
    },
    {
      "variant": "result_observed_absent",
      "returncode": 0,
      "fair": true,
      "prospective": true,
      "ordering": {
        "verified": true,
        "how": "declaration \u2192 terminal-start \u2192 terminal-result \u2192 decision, fields verified",
        "timestamp_order": "unknown"
      },
      "eligibility": {
        "usable_as_study_result": true,
        "blocking_findings": [],
        "statement": "no blocking finding; arm totals are usable study results under the stated reading and limits"
      },
      "reference": {
        "category": "supported",
        "how": "verified decision accepted on the declared candidate",
        "decision": "accepted",
        "candidate_digest": "sha256:035c48381df789e432bd17ec1b080c7a452c3d3e76894d4e412f0b4a8d305eb8",
        "path": "decisions/A-D01-gripper-sign.json",
        "decided_at": null,
        "evaluation_wall_s": null,
        "codes": [],
        "premises": {}
      },
      "claim_category": "supported",
      "findings": [
        {
          "code": "trial_names_no_execution_record",
          "detail": "arm 'A' confirms 'D01-gripper-sign' without naming a confirmation or diagnosis record; the decision cannot be bound to an execution",
          "arm": "A",
          "case_id": "D01-gripper-sign"
        },
        {
          "code": "trial_names_no_execution_record",
          "detail": "arm 'B' confirms 'D01-gripper-sign' without naming a confirmation or diagnosis record; the decision cannot be bound to an execution",
          "arm": "B",
          "case_id": "D01-gripper-sign"
        },
        {
          "code": "trial_names_no_execution_record",
          "detail": "arm 'A' confirms 'D07-sign-and-backlog' without naming a confirmation or diagnosis record; the decision cannot be bound to an execution",
          "arm": "A",
          "case_id": "D07-sign-and-backlog"
        },
        {
          "code": "trial_names_no_execution_record",
          "detail": "arm 'B' confirms 'D07-sign-and-backlog' without naming a confirmation or diagnosis record; the decision cannot be bound to an execution",
          "arm": "B",
          "case_id": "D07-sign-and-backlog"
        },
        {
          "code": "declaration_order_unverified",
          "detail": "arm 'A', case 'D08-old-future-replay': the declaration is not bound by a terminal-start/terminal-result chain; its order against the reference rests on timestamps only",
          "arm": "A",
          "case_id": "D08-old-future-replay"
        },
        {
          "code": "declaration_order_unverified",
          "detail": "arm 'B', case 'D08-old-future-replay': the declaration is not bound by a terminal-start/terminal-result chain; its order against the reference rests on timestamps only",
          "arm": "B",
          "case_id": "D08-old-future-replay"
        }
      ],
      "report_sha256": "a0f16dfa4003d9cb2aea41e5a42b84062274d59bd47b923bfa821cd0af91e615"
    },
    {
      "variant": "start_candidate_absent",
      "returncode": 0,
      "fair": true,
      "prospective": true,
      "ordering": {
        "verified": true,
        "how": "declaration \u2192 terminal-start \u2192 terminal-result \u2192 decision, fields verified",
        "timestamp_order": "unknown"
      },
      "eligibility": {
        "usable_as_study_result": true,
        "blocking_findings": [],
        "statement": "no blocking finding; arm totals are usable study results under the stated reading and limits"
      },
      "reference": {
        "category": "supported",
        "how": "verified decision accepted on the declared candidate",
        "decision": "accepted",
        "candidate_digest": "sha256:035c48381df789e432bd17ec1b080c7a452c3d3e76894d4e412f0b4a8d305eb8",
        "path": "decisions/A-D01-gripper-sign.json",
        "decided_at": null,
        "evaluation_wall_s": null,
        "codes": [],
        "premises": {}
      },
      "claim_category": "supported",
      "findings": [
        {
          "code": "trial_names_no_execution_record",
          "detail": "arm 'A' confirms 'D01-gripper-sign' without naming a confirmation or diagnosis record; the decision cannot be bound to an execution",
          "arm": "A",
          "case_id": "D01-gripper-sign"
        },
        {
          "code": "trial_names_no_execution_record",
          "detail": "arm 'B' confirms 'D01-gripper-sign' without naming a confirmation or diagnosis record; the decision cannot be bound to an execution",
          "arm": "B",
          "case_id": "D01-gripper-sign"
        },
        {
          "code": "trial_names_no_execution_record",
          "detail": "arm 'A' confirms 'D07-sign-and-backlog' without naming a confirmation or diagnosis record; the decision cannot be bound to an execution",
          "arm": "A",
          "case_id": "D07-sign-and-backlog"
        },
        {
          "code": "trial_names_no_execution_record",
          "detail": "arm 'B' confirms 'D07-sign-and-backlog' without naming a confirmation or diagnosis record; the decision cannot be bound to an execution",
          "arm": "B",
          "case_id": "D07-sign-and-backlog"
        },
        {
          "code": "declaration_order_unverified",
          "detail": "arm 'A', case 'D08-old-future-replay': the declaration is not bound by a terminal-start/terminal-result chain; its order against the reference rests on timestamps only",
          "arm": "A",
          "case_id": "D08-old-future-replay"
        },
        {
          "code": "declaration_order_unverified",
          "detail": "arm 'B', case 'D08-old-future-replay': the declaration is not bound by a terminal-start/terminal-result chain; its order against the reference rests on timestamps only",
          "arm": "B",
          "case_id": "D08-old-future-replay"
        }
      ],
      "report_sha256": "51494cf63cde30822a444095d3095e9a5ab4df82e37b2e6b142531f3ddce7cb9"
    },
    {
      "variant": "start_scope_absent",
      "returncode": 0,
      "fair": true,
      "prospective": true,
      "ordering": {
        "verified": true,
        "how": "declaration \u2192 terminal-start \u2192 terminal-result \u2192 decision, fields verified",
        "timestamp_order": "unknown"
      },
      "eligibility": {
        "usable_as_study_result": true,
        "blocking_findings": [],
        "statement": "no blocking finding; arm totals are usable study results under the stated reading and limits"
      },
      "reference": {
        "category": "supported",
        "how": "verified decision accepted on the declared candidate",
        "decision": "accepted",
        "candidate_digest": "sha256:035c48381df789e432bd17ec1b080c7a452c3d3e76894d4e412f0b4a8d305eb8",
        "path": "decisions/A-D01-gripper-sign.json",
        "decided_at": null,
        "evaluation_wall_s": null,
        "codes": [],
        "premises": {}
      },
      "claim_category": "supported",
      "findings": [
        {
          "code": "trial_names_no_execution_record",
          "detail": "arm 'A' confirms 'D01-gripper-sign' without naming a confirmation or diagnosis record; the decision cannot be bound to an execution",
          "arm": "A",
          "case_id": "D01-gripper-sign"
        },
        {
          "code": "trial_names_no_execution_record",
          "detail": "arm 'B' confirms 'D01-gripper-sign' without naming a confirmation or diagnosis record; the decision cannot be bound to an execution",
          "arm": "B",
          "case_id": "D01-gripper-sign"
        },
        {
          "code": "trial_names_no_execution_record",
          "detail": "arm 'A' confirms 'D07-sign-and-backlog' without naming a confirmation or diagnosis record; the decision cannot be bound to an execution",
          "arm": "A",
          "case_id": "D07-sign-and-backlog"
        },
        {
          "code": "trial_names_no_execution_record",
          "detail": "arm 'B' confirms 'D07-sign-and-backlog' without naming a confirmation or diagnosis record; the decision cannot be bound to an execution",
          "arm": "B",
          "case_id": "D07-sign-and-backlog"
        },
        {
          "code": "declaration_order_unverified",
          "detail": "arm 'A', case 'D08-old-future-replay': the declaration is not bound by a terminal-start/terminal-result chain; its order against the reference rests on timestamps only",
          "arm": "A",
          "case_id": "D08-old-future-replay"
        },
        {
          "code": "declaration_order_unverified",
          "detail": "arm 'B', case 'D08-old-future-replay': the declaration is not bound by a terminal-start/terminal-result chain; its order against the reference rests on timestamps only",
          "arm": "B",
          "case_id": "D08-old-future-replay"
        }
      ],
      "report_sha256": "1c20e0ac840d4f0a225a122f2370f9dfb962a9920d6ed49a7492baa612132ecc"
    },
    {
      "variant": "declaration_suite_absent",
      "returncode": 0,
      "fair": true,
      "prospective": true,
      "ordering": {
        "verified": true,
        "how": "declaration \u2192 terminal-start \u2192 terminal-result \u2192 decision, fields verified",
        "timestamp_order": "unknown"
      },
      "eligibility": {
        "usable_as_study_result": true,
        "blocking_findings": [],
        "statement": "no blocking finding; arm totals are usable study results under the stated reading and limits"
      },
      "reference": {
        "category": "supported",
        "how": "verified decision accepted on the declared candidate",
        "decision": "accepted",
        "candidate_digest": "sha256:035c48381df789e432bd17ec1b080c7a452c3d3e76894d4e412f0b4a8d305eb8",
        "path": "decisions/A-D01-gripper-sign.json",
        "decided_at": null,
        "evaluation_wall_s": null,
        "codes": [],
        "premises": {}
      },
      "claim_category": "supported",
      "findings": [
        {
          "code": "trial_names_no_execution_record",
          "detail": "arm 'A' confirms 'D01-gripper-sign' without naming a confirmation or diagnosis record; the decision cannot be bound to an execution",
          "arm": "A",
          "case_id": "D01-gripper-sign"
        },
        {
          "code": "trial_names_no_execution_record",
          "detail": "arm 'B' confirms 'D01-gripper-sign' without naming a confirmation or diagnosis record; the decision cannot be bound to an execution",
          "arm": "B",
          "case_id": "D01-gripper-sign"
        },
        {
          "code": "trial_names_no_execution_record",
          "detail": "arm 'A' confirms 'D07-sign-and-backlog' without naming a confirmation or diagnosis record; the decision cannot be bound to an execution",
          "arm": "A",
          "case_id": "D07-sign-and-backlog"
        },
        {
          "code": "trial_names_no_execution_record",
          "detail": "arm 'B' confirms 'D07-sign-and-backlog' without naming a confirmation or diagnosis record; the decision cannot be bound to an execution",
          "arm": "B",
          "case_id": "D07-sign-and-backlog"
        },
        {
          "code": "declaration_order_unverified",
          "detail": "arm 'A', case 'D08-old-future-replay': the declaration is not bound by a terminal-start/terminal-result chain; its order against the reference rests on timestamps only",
          "arm": "A",
          "case_id": "D08-old-future-replay"
        },
        {
          "code": "declaration_order_unverified",
          "detail": "arm 'B', case 'D08-old-future-replay': the declaration is not bound by a terminal-start/terminal-result chain; its order against the reference rests on timestamps only",
          "arm": "B",
          "case_id": "D08-old-future-replay"
        }
      ],
      "report_sha256": "aef7a4d5adfeb80b464b06649e80244016c22ff886e24d525071b93e28d6862e"
    },
    {
      "variant": "declaration_frozen_inputs_absent",
      "returncode": 0,
      "fair": true,
      "prospective": true,
      "ordering": {
        "verified": true,
        "how": "declaration \u2192 terminal-start \u2192 terminal-result \u2192 decision, fields verified",
        "timestamp_order": "unknown"
      },
      "eligibility": {
        "usable_as_study_result": true,
        "blocking_findings": [],
        "statement": "no blocking finding; arm totals are usable study results under the stated reading and limits"
      },
      "reference": {
        "category": "supported",
        "how": "verified decision accepted on the declared candidate",
        "decision": "accepted",
        "candidate_digest": "sha256:035c48381df789e432bd17ec1b080c7a452c3d3e76894d4e412f0b4a8d305eb8",
        "path": "decisions/A-D01-gripper-sign.json",
        "decided_at": null,
        "evaluation_wall_s": null,
        "codes": [],
        "premises": {}
      },
      "claim_category": "supported",
      "findings": [
        {
          "code": "trial_names_no_execution_record",
          "detail": "arm 'A' confirms 'D01-gripper-sign' without naming a confirmation or diagnosis record; the decision cannot be bound to an execution",
          "arm": "A",
          "case_id": "D01-gripper-sign"
        },
        {
          "code": "trial_names_no_execution_record",
          "detail": "arm 'B' confirms 'D01-gripper-sign' without naming a confirmation or diagnosis record; the decision cannot be bound to an execution",
          "arm": "B",
          "case_id": "D01-gripper-sign"
        },
        {
          "code": "trial_names_no_execution_record",
          "detail": "arm 'A' confirms 'D07-sign-and-backlog' without naming a confirmation or diagnosis record; the decision cannot be bound to an execution",
          "arm": "A",
          "case_id": "D07-sign-and-backlog"
        },
        {
          "code": "trial_names_no_execution_record",
          "detail": "arm 'B' confirms 'D07-sign-and-backlog' without naming a confirmation or diagnosis record; the decision cannot be bound to an execution",
          "arm": "B",
          "case_id": "D07-sign-and-backlog"
        },
        {
          "code": "declaration_order_unverified",
          "detail": "arm 'A', case 'D08-old-future-replay': the declaration is not bound by a terminal-start/terminal-result chain; its order against the reference rests on timestamps only",
          "arm": "A",
          "case_id": "D08-old-future-replay"
        },
        {
          "code": "declaration_order_unverified",
          "detail": "arm 'B', case 'D08-old-future-replay': the declaration is not bound by a terminal-start/terminal-result chain; its order against the reference rests on timestamps only",
          "arm": "B",
          "case_id": "D08-old-future-replay"
        }
      ],
      "report_sha256": "52399dbf079b79f3e5aa807c84e016a19646974c53ed0928947ba7300dbe8cdf"
    }
  ]
}
