{
  "populations": [
    {
      "population": "original",
      "groups": [
        {
          "remedy": "unfenced_queue_control",
          "assignment_count": 20,
          "totals": {
            "requests_sent": 26,
            "responses_arrived": 27,
            "control_opportunities": 26,
            "dispatch_refusals": 2,
            "dispatch_attempts": 24,
            "acknowledged": 22,
            "failed": 1,
            "unacknowledged": 1,
            "capture_before_seal_wall_s": 0.25176712428219616,
            "capture_before_seal_cpu_s": 0.22119500000000006
          }
        },
        {
          "remedy": "reset_only",
          "assignment_count": 20,
          "totals": {
            "requests_sent": 26,
            "responses_arrived": 27,
            "control_opportunities": 26,
            "dispatch_refusals": 3,
            "dispatch_attempts": 23,
            "acknowledged": 21,
            "failed": 1,
            "unacknowledged": 1,
            "capture_before_seal_wall_s": 0.24593195831403136,
            "capture_before_seal_cpu_s": 0.21729800000000088
          }
        },
        {
          "remedy": "arrival_deadline_only",
          "assignment_count": 20,
          "totals": {
            "requests_sent": 26,
            "responses_arrived": 27,
            "control_opportunities": 26,
            "dispatch_refusals": 11,
            "dispatch_attempts": 15,
            "acknowledged": 13,
            "failed": 1,
            "unacknowledged": 1,
            "capture_before_seal_wall_s": 0.24732987652532756,
            "capture_before_seal_cpu_s": 0.21746799999999938
          }
        },
        {
          "remedy": "conventional",
          "assignment_count": 20,
          "totals": {
            "requests_sent": 26,
            "responses_arrived": 27,
            "control_opportunities": 26,
            "dispatch_refusals": 11,
            "dispatch_attempts": 15,
            "acknowledged": 13,
            "failed": 1,
            "unacknowledged": 1,
            "capture_before_seal_wall_s": 0.2509584578219801,
            "capture_before_seal_cpu_s": 0.21598599999999987
          }
        },
        {
          "remedy": "selected_intervention",
          "assignment_count": 20,
          "totals": {
            "requests_sent": 26,
            "responses_arrived": 27,
            "control_opportunities": 26,
            "dispatch_refusals": 11,
            "dispatch_attempts": 15,
            "acknowledged": 13,
            "failed": 1,
            "unacknowledged": 1,
            "capture_before_seal_wall_s": 0.24242929182946682,
            "capture_before_seal_cpu_s": 0.21348199999999923
          }
        },
        {
          "remedy": "drop_all",
          "assignment_count": 20,
          "totals": {
            "requests_sent": 26,
            "responses_arrived": 27,
            "control_opportunities": 26,
            "dispatch_refusals": 26,
            "dispatch_attempts": 0,
            "acknowledged": 0,
            "failed": 0,
            "unacknowledged": 0,
            "capture_before_seal_wall_s": 0.2389560816809535,
            "capture_before_seal_cpu_s": 0.20532900000000076
          }
        }
      ]
    },
    {
      "population": "exploratory_boundaries",
      "groups": [
        {
          "remedy": "unfenced_queue_control",
          "assignment_count": 5,
          "totals": {
            "requests_sent": 6,
            "responses_arrived": 7,
            "control_opportunities": 7,
            "dispatch_refusals": 0,
            "dispatch_attempts": 7,
            "acknowledged": 6,
            "failed": 0,
            "unacknowledged": 1,
            "capture_before_seal_wall_s": 0.06467679189518094,
            "capture_before_seal_cpu_s": 0.05661399999999999
          }
        },
        {
          "remedy": "reset_only",
          "assignment_count": 5,
          "totals": {
            "requests_sent": 6,
            "responses_arrived": 7,
            "control_opportunities": 7,
            "dispatch_refusals": 0,
            "dispatch_attempts": 7,
            "acknowledged": 6,
            "failed": 0,
            "unacknowledged": 1,
            "capture_before_seal_wall_s": 0.06541000120341778,
            "capture_before_seal_cpu_s": 0.056433999999999984
          }
        },
        {
          "remedy": "arrival_deadline_only",
          "assignment_count": 5,
          "totals": {
            "requests_sent": 6,
            "responses_arrived": 7,
            "control_opportunities": 7,
            "dispatch_refusals": 3,
            "dispatch_attempts": 4,
            "acknowledged": 3,
            "failed": 0,
            "unacknowledged": 1,
            "capture_before_seal_wall_s": 0.06308166729286313,
            "capture_before_seal_cpu_s": 0.05700499999999992
          }
        },
        {
          "remedy": "conventional",
          "assignment_count": 5,
          "totals": {
            "requests_sent": 6,
            "responses_arrived": 7,
            "control_opportunities": 7,
            "dispatch_refusals": 5,
            "dispatch_attempts": 2,
            "acknowledged": 1,
            "failed": 0,
            "unacknowledged": 1,
            "capture_before_seal_wall_s": 0.061298041138798,
            "capture_before_seal_cpu_s": 0.05331300000000008
          }
        },
        {
          "remedy": "selected_intervention",
          "assignment_count": 5,
          "totals": {
            "requests_sent": 6,
            "responses_arrived": 7,
            "control_opportunities": 7,
            "dispatch_refusals": 5,
            "dispatch_attempts": 2,
            "acknowledged": 1,
            "failed": 0,
            "unacknowledged": 1,
            "capture_before_seal_wall_s": 0.058249666821211576,
            "capture_before_seal_cpu_s": 0.05238599999999996
          }
        },
        {
          "remedy": "drop_all",
          "assignment_count": 5,
          "totals": {
            "requests_sent": 6,
            "responses_arrived": 7,
            "control_opportunities": 7,
            "dispatch_refusals": 7,
            "dispatch_attempts": 0,
            "acknowledged": 0,
            "failed": 0,
            "unacknowledged": 0,
            "capture_before_seal_wall_s": 0.06221012375317514,
            "capture_before_seal_cpu_s": 0.054188000000000236
          }
        }
      ]
    },
    {
      "population": "precision_refinement",
      "groups": [
        {
          "remedy": "unfenced_queue_control",
          "assignment_count": 1,
          "totals": {
            "requests_sent": 1,
            "responses_arrived": 1,
            "control_opportunities": 1,
            "dispatch_refusals": 0,
            "dispatch_attempts": 1,
            "acknowledged": 1,
            "failed": 0,
            "unacknowledged": 0,
            "capture_before_seal_wall_s": 0.010370041010901332,
            "capture_before_seal_cpu_s": 0.008994999999999996
          }
        },
        {
          "remedy": "reset_only",
          "assignment_count": 1,
          "totals": {
            "requests_sent": 1,
            "responses_arrived": 1,
            "control_opportunities": 1,
            "dispatch_refusals": 0,
            "dispatch_attempts": 1,
            "acknowledged": 1,
            "failed": 0,
            "unacknowledged": 0,
            "capture_before_seal_wall_s": 0.010818332899361849,
            "capture_before_seal_cpu_s": 0.009306999999999996
          }
        },
        {
          "remedy": "arrival_deadline_only",
          "assignment_count": 1,
          "totals": {
            "requests_sent": 1,
            "responses_arrived": 1,
            "control_opportunities": 1,
            "dispatch_refusals": 0,
            "dispatch_attempts": 1,
            "acknowledged": 1,
            "failed": 0,
            "unacknowledged": 0,
            "capture_before_seal_wall_s": 0.009448499884456396,
            "capture_before_seal_cpu_s": 0.008499000000000007
          }
        },
        {
          "remedy": "conventional",
          "assignment_count": 1,
          "totals": {
            "requests_sent": 1,
            "responses_arrived": 1,
            "control_opportunities": 1,
            "dispatch_refusals": 1,
            "dispatch_attempts": 0,
            "acknowledged": 0,
            "failed": 0,
            "unacknowledged": 0,
            "capture_before_seal_wall_s": 0.011123290983960032,
            "capture_before_seal_cpu_s": 0.009067999999999993
          }
        },
        {
          "remedy": "selected_intervention",
          "assignment_count": 1,
          "totals": {
            "requests_sent": 1,
            "responses_arrived": 1,
            "control_opportunities": 1,
            "dispatch_refusals": 1,
            "dispatch_attempts": 0,
            "acknowledged": 0,
            "failed": 0,
            "unacknowledged": 0,
            "capture_before_seal_wall_s": 0.010285041062161326,
            "capture_before_seal_cpu_s": 0.008934999999999998
          }
        },
        {
          "remedy": "drop_all",
          "assignment_count": 1,
          "totals": {
            "requests_sent": 1,
            "responses_arrived": 1,
            "control_opportunities": 1,
            "dispatch_refusals": 1,
            "dispatch_attempts": 0,
            "acknowledged": 0,
            "failed": 0,
            "unacknowledged": 0,
            "capture_before_seal_wall_s": 0.00953699997626245,
            "capture_before_seal_cpu_s": 0.008551000000000003
          }
        }
      ]
    },
    {
      "population": "counterexample_reduction",
      "groups": [
        {
          "remedy": "unfenced_queue_control",
          "assignment_count": 11,
          "totals": {
            "requests_sent": 20,
            "responses_arrived": 20,
            "control_opportunities": 20,
            "dispatch_refusals": 2,
            "dispatch_attempts": 18,
            "acknowledged": 18,
            "failed": 0,
            "unacknowledged": 0,
            "capture_before_seal_wall_s": 0.1984798319172114,
            "capture_before_seal_cpu_s": 0.1773760000000001
          }
        },
        {
          "remedy": "conventional",
          "assignment_count": 11,
          "totals": {
            "requests_sent": 20,
            "responses_arrived": 20,
            "control_opportunities": 20,
            "dispatch_refusals": 15,
            "dispatch_attempts": 5,
            "acknowledged": 5,
            "failed": 0,
            "unacknowledged": 0,
            "capture_before_seal_wall_s": 0.19449866632930934,
            "capture_before_seal_cpu_s": 0.17201400000000022
          }
        }
      ]
    },
    {
      "population": "request_binding_regression",
      "groups": [
        {
          "remedy": "unfenced_queue_control",
          "assignment_count": 2,
          "totals": {
            "requests_sent": 3,
            "responses_arrived": 3,
            "control_opportunities": 2,
            "dispatch_refusals": 0,
            "dispatch_attempts": 2,
            "acknowledged": 2,
            "failed": 0,
            "unacknowledged": 0,
            "capture_before_seal_wall_s": 0.02707079192623496,
            "capture_before_seal_cpu_s": 0.022715999999999993
          }
        },
        {
          "remedy": "conventional",
          "assignment_count": 2,
          "totals": {
            "requests_sent": 3,
            "responses_arrived": 3,
            "control_opportunities": 2,
            "dispatch_refusals": 1,
            "dispatch_attempts": 1,
            "acknowledged": 1,
            "failed": 0,
            "unacknowledged": 0,
            "capture_before_seal_wall_s": 0.024101499933749437,
            "capture_before_seal_cpu_s": 0.021758000000000013
          }
        },
        {
          "remedy": "selected_intervention",
          "assignment_count": 2,
          "totals": {
            "requests_sent": 3,
            "responses_arrived": 3,
            "control_opportunities": 2,
            "dispatch_refusals": 1,
            "dispatch_attempts": 1,
            "acknowledged": 1,
            "failed": 0,
            "unacknowledged": 0,
            "capture_before_seal_wall_s": 0.02471195813268423,
            "capture_before_seal_cpu_s": 0.02150400000000001
          }
        }
      ]
    }
  ],
  "current_read_costs_before_final_write": {
    "wall_s": 0.0026363329961895943,
    "cpu_s": 0.0021340000000000005
  }
}
