I001 [*] Import block is un-sorted or un-formatted
  --> src/nisayon/engine/temporal_source.py:8:1
   |
 6 |   """
 7 |
 8 | / from __future__ import annotations
 9 | |
10 | | import __future__
11 | | import argparse
12 | | import ast
13 | | import copy
14 | | import hashlib
15 | | import json
16 | | import time
17 | | from collections import deque
18 | | from contextlib import nullcontext
19 | | from dataclasses import dataclass
20 | | from pathlib import Path
21 | | from types import SimpleNamespace
22 | |
23 | | from .io import digest, file_digest, write_json
   | |_______________________________________________^
24 |
25 |   PARENT = "8e2a39444255d62869d2fd63ea4f8a157236a029"
   |
help: Organize imports
   |
8  | from __future__ import annotations
9  + import __future__
10 |
   - import __future__
11 | import argparse
   |

Found 1 error.
[*] 1 fixable with the `--fix` option.
