{
  "historical_scored_outer_commands_s": 2691.222647,
  "historical_other_preparation_qualification_and_closeout_s": 4154.807084,
  "previous_engine_continuation_s": 877.829554,
  "current_integration_s": 14.557306
}
{
  "known_command_wall_sum_s": 7738.416591,
  "summed_command_ids": [
    "7dade053b93342eb84eefebc5f113292",
    "e18f8191243b44c08dfdcc7ed8a0ac29",
    "467a34274aa04cf69c46de29be6d3aac",
    "ad2d8a8208f84cb7b4ece4453a79dd17",
    "792ff53d59ce4f45b04139c6664dd2ee",
    "b458aa7d25214c919c704c93d36f6897",
    "808b8253e42e490da81bd7b5c5229284",
    "63437a9167604664b40a2aea4146836a",
    "4ebc222d68f746f59d66ddfcbe685ce2",
    "2c06ba8900cf48efaadb12839b3e165c",
    "7b1ceebfd0364de591c05a8e8d9cb156",
    "a6c9d4a65c41400aa4c5aeb577e51933",
    "f16e593a82a041c2a8be7684cda2c79c",
    "907a1cdc069842e68a98aec53dd92dba",
    "5a84605329bb45e28b2737df4845d957",
    "2e6157fe1fc542d18ee6c1e81e24604a",
    "840ffc072cb34214bd40a39f25e5a31c",
    "008466f089334419a26eca48e8704b30",
    "f1a35a99cd5a4e76912c46600ba06360",
    "d9ff3ec24fbc478abfcc3f7a8d0b06c6",
    "1dff542852844578aafc70796772362e",
    "68ed86b4501342b5bd8ecd1d69411a14",
    "d11f6578e3ed4fbbbc71cdf5feb7ac46",
    "b5784fdfa24246a0b5d8d481c78a8535",
    "691aa875a27340bf868c0afddc1a2241",
    "839c165b716047c3b34b06257aa67612",
    "80bb56c577274e34b5287b3bcdb17eb4",
    "f1e01f8176d347ddb411211c657d29a1",
    "6cc2b6da57464d28b871fc697077e8f4",
    "96a5a66467c84de497bd83bb95bf5f60",
    "7edd54599cec46e0a276417de3583115",
    "5eec81502a0c40b68aac52ac84c5bb80",
    "68cf1260593040849fe347423e1d3add",
    "8a76a702f78d430db5e9219c1aeed5ff",
    "c7d5fff11b0e4054a406f4db502be796",
    "8b00c9e59360458cba1c4d330b116a42",
    "7d41589d75eb46d9a961206bdfb6a96d",
    "8e66e9bb4153422e987774942ae70d18",
    "3297e82784184da9bc2c50971c585109",
    "a4589e08349940dc827a53a84c47a414",
    "c7ea1267681445cb8c29d4ba562ac52d",
    "a84987f71501427bac87add23d707a25",
    "1b9209528199470bb5463cc8d3297b39",
    "c2019b54b715497d9ff9c4f18be8bb45",
    "c2771fe144f8465bb2d426e08a8fd05b",
    "8fecbde3d3284fcc9c07fc586b7f05bb",
    "e739df91432e49b1868049364aaa643c",
    "583a74cbaf864eb8ad3b126c7d19383b",
    "b0bc8a1c1dea4066814c18ad01eebce5",
    "63befc56509840198a52ac934a343f7f",
    "814690f33f0a444ea7e9fdfd5086222d",
    "72b9a1b6f4ac413d8d7e119bbd6718be",
    "a33938774a19434a891238a98aa884ca",
    "366df936548c4e2083a06fde576fd1fb",
    "eb998022c9894df5a9d0fedc65a42455",
    "2b505a160d8743939c49a0ac04eb4994",
    "c8f16f31160f440c991250c3f7b9b72b",
    "7164ac19b7ce4113ad76aaebe9c6c0ed",
    "07fbf172670e41cdbc5d92a2ff59e697",
    "8f48cebbedf94b27955dc8ade07f4b23",
    "e914cbdc61cd40ec8ca5ac7b36a9a815",
    "34f45adef46d4eeb85ee7c55a456e917",
    "3d3ffa409ef54771aa4ad45c5773f53d",
    "609ca61d567c40649eeb20f54178b46a",
    "9a3a4e6c12364e81a586ca010285b290",
    "790864c3190548d0a21db541f1382346",
    "28fb1f86a1cc48a98bcf7dee27a0ceb8",
    "a12407b9ecd542fbaad97efde95ad78d",
    "df40b3eefbf54fd581303a8239715295",
    "dc23d1ff3d994bf296247251e0921c7c",
    "4210b202327e477e8724e03add01937a",
    "aa77eb4a5ac040ff9528e2cabf89aec5",
    "537b5c7a06a0434bbdef44faf4affff0",
    "edca5d1608534900b3bf37fcc8b76c0e",
    "74834a0afaf747359ced6dee20d51da5",
    "ec7fa9d5ba3d4ca5830ddd701f22aacf",
    "fc205f126d0c424283eab7bffa813853",
    "e0ce667c46e74af3aeeeb5a9367880bb",
    "c59785bc58ba42d7963d5a02fd575383",
    "6cd0f95fc7cf4f7ea491517762d528ec",
    "7a7af5b3a4c54d6e89693eb2c1a86c59",
    "cc42f0b12d67445ca346c12e15e4a96e",
    "e04e18a19a86496e8e4b79061fe2bf3f",
    "c276bdf13c42430dad58d793f769323b",
    "5e0e4fb4eff148dea0afa393c17d2734",
    "1d76208c65364ccc9df317a877da7fe2",
    "b1e1ac0f45384bfb8d1d04347267a271",
    "dcd15f74e8184ed3a7984ee1f78df5e0",
    "b66176f1d0e941c482253362b6930419",
    "26678d8fa3fa4c5c8f31c4c359139e88",
    "1cfd87e39aa04c528b02729c53789bf5",
    "e727ac9a74324edcb54f6e08a715e435",
    "5a3f86ade5aa416abc0e552e3cc0e141",
    "21a9007823d34f329ed534c4e9d0368e",
    "da0d04f1103b412e885d08b4fb9456b2",
    "44d906c6277e4e3887238f7cc59c6305",
    "432141607a224c329aaf50fdea416825",
    "4da47b7d3f914d0591c1c4115a63b8e8",
    "55f3b8dd58d448f387876c685bacd67b",
    "f0bc614e6c52495d82b09de7268ecb52",
    "b9a00e58b5384019a554eb747ba80c9d",
    "edc7905591ff43ce9b69825d8cf3f94e",
    "cba02b3e73414bb1b6dea1a35419e693",
    "cdd692ad7293421f96e251bbeca2399d",
    "273351bd87974d0eabb10f913e62e6d8",
    "f176063b49ab4246ab3b2d0c7532f886",
    "b3660a23903f4c5a8c474184aea9a05e",
    "69d95a2d0bfe4178a3904a4b205ae3cf",
    "d775a9f9455c43688dea861891770fd0",
    "e82f2b94231e4acb9bd48f7af18193be",
    "4ab491666e944d38b50c489719c002ee",
    "e193bd8905a64475874ad3d4bea53043",
    "e39efd1c0571404f9a0827546750d68c",
    "71c80eb2d5d541c49c55b33e16065a10",
    "fe637a866f754c63a503b17e259e927c",
    "7346bb4334ac4a6ca890e7dbd34fcebd",
    "c6606fb9d93f4db3bb434144f3c68879",
    "324c962cd2d148d58562a73333ce2c43",
    "2ed4f7c68f7642a5a30491207978a869",
    "6dde703400744d05aae69c5730241163",
    "5fa66008bf5e4929983afa50a8048666",
    "dc0e1f4ae3d74a6dbc0b53ebf0790132",
    "50ecc38dc445405e9c3725890de19887",
    "f4a25a590c5145d4af0c1f60070555ed",
    "af15f29d674e49c88abe415054368f9d",
    "a596aafb238d40f3ae8960ca66cc5481",
    "8ed44d96ba4a425a9f348d35b452ff6e",
    "7b8a7f99807b4a8a9e8212e89159d09e",
    "1ee70be915fe4c5bb505251a4a68814f",
    "b71c263551d543cc809d1885ee32aeea",
    "f289d21134dc46ac85db55c5235bd14c",
    "8bb0c01158dd47a9bac64205c0654869",
    "394471157bac4935953d8cc88fd6d2ec",
    "868c21e8e8604901b9ce3aa673290f7b",
    "fef91b78bc1b444ea48cb820826c9bad",
    "5fa9a908aba34f258b149d9e04876b90",
    "85752bab73d44d6199cc86db7f8cbdf4",
    "6c0020ef19b34b96b14fda581715b944",
    "7773e1a6cb504b8b93eab1297ada949a",
    "0c18bbc4eda6479b915503fc89435f8c",
    "b71416cfc1134065987a99b9f24ecf03",
    "2e0a6fedce0c42cf988b056283aef915",
    "a0f3c2dac777416fbfded8cfadda3df5",
    "038cfc4d6825494bb2eed525c7850330",
    "9cafd4fa7813491f830ad20c4e7a87a2",
    "1a8881c45cde4adebe6c762841a9bb47",
    "59ef3f3464ce4624a92980628832edb8",
    "6cc5757ba09342bca4e78a1407bae4fa",
    "8ad76466ac84463bb69d2249ec5da12e",
    "c4c240d6588744178b947cfa7f603b40",
    "d3f967ec924f4e4e8971acbaa3e97177",
    "f319543e8dd1472cb223cffc0108fdf0",
    "c2472a4e6d2a4636b4fc5cada670b7ca",
    "cf4585efea1c4a799a3bd6e8a698deba",
    "dc4fb6b4f1c449a8a35981750ca56f40",
    "67b5cfa0f88b4296a4db2975f182a248",
    "b1a5382867274a69b6f955d3b5a4a76d",
    "da1bc73bd786452e903d24b0cb71f334",
    "7769b54a1b1e4910b405439162cfa24d",
    "c2c1c1b793dc4fa28c3f9c16b924c27a",
    "69b30aefc7e34913a1754fddbd4de1e2",
    "f2dbbc08a0d14d7e8c129865cf93836c",
    "3eca6ef405b0453ca20e5974750011de",
    "27e5972df616468fb58640f877048802",
    "1742c4b2c2be4f07812fb04b97d519d7",
    "95008eb6dce243a88f8ade5d126f87c0",
    "d4fdd0eaad6c4c3c847b552e48910a34",
    "26e1fcc5cedd401e860742c9ced6f6de",
    "effe496426384f8b9ae25085dcf09a03",
    "0428792a4607433fab0ee164646c4b72",
    "186a60c9e3dc46fb80f01002dd041d84",
    "1d2cf1659f5f41bdb7470fd82b859296",
    "6475ad9e7c5e4b8e86c86b21bd74fc75",
    "2a276727bdf84d828d422e37b231e16f",
    "4965a43fdfe14d7ba82a07a5fc0e140d",
    "195531a5ff3c4ebf8fc5a004714d8284",
    "152a1ae0ed064a5ca22a96aec69a6f9b",
    "b599095296434883b5ce699bef58c6f8",
    "29113d51060d4e2eb04de823a86475a8",
    "93a916e4e25a4377995d6eee91d9ccc3",
    "6df327d72fe147eeb3a05f5f93698691",
    "ede42a2cb38143d0adbe6a1ac4e0c604",
    "694cb4d0d4ac468aa8a213652b1520c3",
    "97238adb9b834f4fbc1f43c6fd978485",
    "67929a3b6f2645a297d8afdd959d60ac",
    "2724474b5bdd4bd7a3fafdb0b066eca0",
    "340ae8ab53a24d6782f03eca84f200ea",
    "35c3f79e03c8490281eb8f8f82d0ed67",
    "3fe2bfc88b644a60a65959ec24d0a74f",
    "4e36d0702ed147349708eec5170f4680",
    "aa2a2bf740544f00a0e4ceb47ee303c2",
    "f6aadf9760ae427988cc478d17147147"
  ],
  "nested_not_added": [
    {
      "id": "75cd5fff0f9d4a33a4669cedbe9efa7c",
      "included_by": "72b9a1b6f4ac413d8d7e119bbd6718be"
    },
    {
      "id": "e1c1e19b0b7b4142a61c9a67e6366815",
      "included_by": "72b9a1b6f4ac413d8d7e119bbd6718be"
    },
    {
      "id": "5a4b56d722a4459ca4a261f6bca408dd",
      "included_by": "7164ac19b7ce4113ad76aaebe9c6c0ed"
    },
    {
      "id": "cbb8c2fe03e04717a9941f4eba83b60a",
      "included_by": "7164ac19b7ce4113ad76aaebe9c6c0ed"
    },
    {
      "id": "5935e0b76d9d458196022ef5e35266f1",
      "included_by": "7164ac19b7ce4113ad76aaebe9c6c0ed"
    },
    {
      "id": "7d0bf110118f49c898bf3a506a798601",
      "included_by": "7164ac19b7ce4113ad76aaebe9c6c0ed"
    },
    {
      "id": "34edd26baf7f44c1ba6a4932d926fc87",
      "included_by": "df40b3eefbf54fd581303a8239715295"
    },
    {
      "id": "23b48d395bc0437dab64a0bea7b7b189",
      "included_by": "df40b3eefbf54fd581303a8239715295"
    },
    {
      "id": "297bc81f71c94d19aa41aeab95f12106",
      "included_by": "df40b3eefbf54fd581303a8239715295"
    },
    {
      "id": "61c7393de605440383caad4c9272e0ab",
      "included_by": "df40b3eefbf54fd581303a8239715295"
    },
    {
      "id": "8863eb3aa4d840c2b1df1c8020e1bd49",
      "included_by": "da0d04f1103b412e885d08b4fb9456b2"
    },
    {
      "id": "b1de4c40807d4274ba74bb784c9b9572",
      "included_by": "432141607a224c329aaf50fdea416825"
    },
    {
      "id": "28b4742c722c484ea6adcfa10edb5b93",
      "included_by": "4da47b7d3f914d0591c1c4115a63b8e8"
    },
    {
      "id": "8fa86940401c4f64a9212cc1d1e38834",
      "included_by": "cba02b3e73414bb1b6dea1a35419e693"
    },
    {
      "id": "4e18c0e619e84f0db5adeb80054bbef8",
      "included_by": "cdd692ad7293421f96e251bbeca2399d"
    },
    {
      "id": "18b056f1eea84cad8140e00f1fee1e7a",
      "included_by": "cdd692ad7293421f96e251bbeca2399d"
    },
    {
      "id": "248d44b2bb8a4714842773a989e7eb8a",
      "included_by": "cdd692ad7293421f96e251bbeca2399d"
    },
    {
      "id": "25423046915343f491ee75495840e88c",
      "included_by": "cdd692ad7293421f96e251bbeca2399d"
    },
    {
      "id": "6adb0f9366824f8abd97054270799b02",
      "included_by": "cdd692ad7293421f96e251bbeca2399d"
    },
    {
      "id": "1ba9c0835a234cf7aaab9b1bec37aac5",
      "included_by": "cdd692ad7293421f96e251bbeca2399d"
    }
  ],
  "unmeasured_command_ids": [],
  "interpretation": "Sum of recorded command walls excluding measured descendants of measured commands; overlapping independent commands are resource costs, not elapsed session time. Invocation, rollout and inference walls are nested components and are not added."
}
