{
  "assigned": 6,
  "complete_records": 6,
  "reference_contracts": {
    "unresolved": 3,
    "violated": 3
  },
  "assigned_contracts": {
    "satisfied": 3,
    "violated": 3
  },
  "assigned_usefulness": {
    "satisfied": 5,
    "violated": 1
  },
  "retrospective": {
    "chunk_target_alignment": {
      "satisfied": 6
    },
    "observation_context": {
      "satisfied": 6
    }
  },
  "contract_meanings": {
    "assigned_contract_counts": "Same other predicates with the separately frozen whole-case dispatch requirement; not_declared means no assigned contract was supplied.",
    "reference_contract_counts": "Original nine-predicate contract, including per-generation coverage.",
    "retrospective_counts": "Later alignment and observation-context readings, outside both frozen contracts."
  },
  "scientific_acceptance": "not_granted",
  "robot_task_outcome": "unmeasured",
  "costs": {
    "charges": null,
    "energy": null,
    "read_assess_write_cpu_s": 0.2482559999999996,
    "read_assess_write_wall_s": 0.28650854201987386,
    "scope": "current input snapshots, verification, independent reference and detail writes; final report and seal writes are outside this meter and inside the enclosing command. Original execution costs are historical and must not be charged again"
  },
  "costs_are_historical": true,
  "reuse_status": "bound"
}
