Exposed-record development declarations; no new experiment or effectiveness estimate.
case	arm	declaration	historical status	terminal record	old physical runs	old own wall (s)	new terminal read (s)
D01-gripper-sign	A	claim_acceptance	confirmed	accepted	70	121.13979212497361	0.010115
D01-gripper-sign	B	claim_acceptance	confirmed	accepted	70	120.47086954116821	0.015112
D02-cartesian-axis	A	claim_acceptance	confirmed	accepted	70	115.1731728350278	0.010639
D02-cartesian-axis	B	claim_acceptance	confirmed	accepted	70	122.68762025027536	0.009382
D03-observation-backlog	A	claim_acceptance	confirmed	accepted	70	96.20390683272853	0.009673
D03-observation-backlog	B	claim_acceptance	confirmed	accepted	70	97.957212833222	0.012253
D04-observation-hold	A	claim_acceptance	confirmed	accepted	70	106.18198033305816	0.011218
D04-observation-hold	B	claim_acceptance	confirmed	accepted	70	105.24378016684204	0.01026
D05-recurrent-carry	A	claim_acceptance	rejected	rejected	140	193.7690737103112	0.012558
D05-recurrent-carry	B	claim_acceptance	rejected	rejected	140	206.25731529016048	0.012332
D06-stateless-inference	A	refuse	unsupported	unresolved	2	2.7334674168378115	0.0056
D06-stateless-inference	B	refuse	unsupported	unresolved	2	2.5104675418697298	0.005568
D07-sign-and-backlog	A	claim_acceptance	confirmed	accepted	72	117.70120895910077	0.009552
D07-sign-and-backlog	B	claim_acceptance	confirmed	accepted	72	131.7202511250507	0.011902
D08-old-future-replay	A	refuse	invalid	unresolved	2	9.955929249990731	0.006309
D08-old-future-replay	B	refuse	invalid	unresolved	2	9.99631566600874	0.006055
D09-action-suppression	A	claim_acceptance	confirmed	accepted	71	115.17769166617654	0.009209
D09-action-suppression	B	claim_acceptance	confirmed	accepted	71	125.44778620894067	0.009485
D10-opaque-policy-state	A	unresolved	unresolved	unresolved	2	3.9174205421004444	0.006462
D10-opaque-policy-state	B	unresolved	unresolved	unresolved	2	3.9059422919526696	0.005694
Missing: engineer_effort_s; provider_charges_usd; energy_j; unrecorded_processing_s
Terminal checker outcomes are not yet prospective claim classifications.
