{
  "candidate": "886710e819c218b89b61ea7a4899ef01d2f2cd24",
  "source_revision": "f8dd43dea80a463311b9d5c35fe4a2cc4b71c75a",
  "copied_source_files_verified": 1381,
  "exact_outgoing_tree_verified": true,
  "reachable_commits": 4,
  "private_development_ancestors": 0,
  "author_and_committer": "Daniel Wahnich <cogitoergosum143@gmail.com>",
  "history_blobs": 1204,
  "credential_pattern_findings": [],
  "payload_findings": [],
  "handoff_heuristic_resolution": "Exact public replacement from reviewed exporter, no private session content",
  "license": "Apache-2.0",
  "packages": [
    {
      "path": "nisayon_workspace-0.1.0-py3-none-any.whl",
      "sha256": "1257e508b7c8d5c3d455ea38478532130943fbb36cd1e19cb951c81200e8b1dc",
      "bytes": 193664,
      "license_expression": "Apache-2.0",
      "author": "Daniel Wahnich",
      "license_files": [
        "LICENSE",
        "NOTICE"
      ]
    },
    {
      "path": "nisayon_workspace-0.1.0.tar.gz",
      "sha256": "8f39a7908d575283a7ca9e283b2196f68ebc1a37f193fe9a3e605221c3ef77e5",
      "bytes": 159178,
      "license_files": [
        "LICENSE",
        "NOTICE"
      ],
      "excluded_payloads_absent": true
    }
  ],
  "scientific_record_bytes": "Unchanged",
  "scope_limit": "Pattern review and byte binding do not prove absence of every possible sensitive value."
}
