{
  "all_observed_paths_equal": true,
  "totals": {
    "A": {
      "outcomes": {
        "confirmed": 6,
        "rejected": 1,
        "unsupported": 1,
        "invalid": 1,
        "unresolved": 1
      },
      "accepted_incidents": 6,
      "assigned_incidents": 10,
      "assigned_conditions": 320,
      "physical_runs": 569,
      "nested_prefix_wall_s_not_added": 52.88652486936189,
      "preflight_count": 0,
      "preflight_stops": 0,
      "cost_partition": {
        "diagnostic_simulator_s": 80.520279,
        "early_check_s": 0,
        "diagnostic_final_check_s": 10.602966374950483,
        "diagnostic_unpartitioned_s": 11.20786825106582,
        "confirmation_preparation_s": 6.641624042298645,
        "confirmation_simulator_s": 612.048496,
        "confirmation_integrity_and_bookkeeping_s": 72.42806566669914,
        "confirmation_final_check_s": 88.50435554096475,
        "confirmation_timer_boundary_s": -1.1205673217773438e-05
      },
      "own_phase_wall_s": 881.9536436703056
    },
    "B": {
      "outcomes": {
        "confirmed": 6,
        "rejected": 1,
        "unsupported": 1,
        "invalid": 1,
        "unresolved": 1
      },
      "accepted_incidents": 6,
      "assigned_incidents": 10,
      "assigned_conditions": 320,
      "physical_runs": 569,
      "nested_prefix_wall_s_not_added": 59.00019341730513,
      "preflight_count": 16,
      "preflight_stops": 0,
      "cost_partition": {
        "diagnostic_simulator_s": 79.711434,
        "early_check_s": 37.50949245644733,
        "diagnostic_final_check_s": 10.121542625362054,
        "diagnostic_unpartitioned_s": 11.619123709094138,
        "confirmation_preparation_s": 6.8151612903457135,
        "confirmation_simulator_s": 632.633062,
        "confirmation_integrity_and_bookkeeping_s": 67.51484704195978,
        "confirmation_final_check_s": 80.27292804117315,
        "confirmation_timer_boundary_s": -3.0248891562223434e-05
      },
      "own_phase_wall_s": 926.1975609154906
    }
  },
  "shared_invocation_residual_s": 5.901185789145529
}
