{
  "evaluation_delivery": "ba61923bd001b3dd8255da766ea05cf7ea1cd1a8",
  "populations": [
    {
      "name": "original",
      "status": "readback_complete",
      "assignment_count": 120,
      "complete_records": 120,
      "old_contract_counts": {
        "violated": 84,
        "unresolved": 36
      },
      "new_contract_counts": {
        "violated": 84,
        "unresolved": 36
      },
      "assigned_contract_counts": {
        "satisfied": 43,
        "violated": 62,
        "unresolved": 15
      },
      "assigned_usefulness_counts": {
        "satisfied": 77,
        "violated": 43
      },
      "retrospective_counts": {
        "chunk_target_alignment": {
          "satisfied": 113,
          "violated": 5,
          "unresolved": 2
        },
        "observation_context": {
          "satisfied": 120
        },
        "chunk_identity": {
          "satisfied": 120
        }
      },
      "contract_meanings": {
        "reference_contract_counts": "Original nine-predicate contract, including per-generation coverage.",
        "assigned_contract_counts": "Same other predicates with the separately frozen whole-case dispatch requirement; not_declared means no assigned contract was supplied.",
        "retrospective_counts": "Later alignment, observation-context and admitted chunk-identity readings, outside both frozen contracts."
      },
      "assessment_sha256": "036d564913d3aca48f87dfb81fdd2f9877b8728551f010a97bac5b1d458f3145",
      "reuse_status": "bound"
    },
    {
      "name": "exploratory_boundaries",
      "status": "readback_complete",
      "assignment_count": 30,
      "complete_records": 30,
      "old_contract_counts": {
        "violated": 26,
        "unresolved": 4
      },
      "new_contract_counts": {
        "violated": 28,
        "unresolved": 2
      },
      "assigned_contract_counts": {
        "violated": 22,
        "satisfied": 5,
        "unresolved": 3
      },
      "assigned_usefulness_counts": {
        "satisfied": 18,
        "violated": 12
      },
      "retrospective_counts": {
        "chunk_target_alignment": {
          "satisfied": 26,
          "violated": 4
        },
        "observation_context": {
          "satisfied": 30
        },
        "chunk_identity": {
          "satisfied": 30
        }
      },
      "contract_meanings": {
        "reference_contract_counts": "Original nine-predicate contract, including per-generation coverage.",
        "assigned_contract_counts": "Same other predicates with the separately frozen whole-case dispatch requirement; not_declared means no assigned contract was supplied.",
        "retrospective_counts": "Later alignment, observation-context and admitted chunk-identity readings, outside both frozen contracts."
      },
      "assessment_sha256": "31539006791ce0f3fb2c07a819c707f84670e5ca558ab4d04df42c139d63dad6",
      "reuse_status": "bound"
    },
    {
      "name": "precision_refinement",
      "status": "readback_complete",
      "assignment_count": 6,
      "complete_records": 6,
      "old_contract_counts": {
        "violated": 6
      },
      "new_contract_counts": {
        "violated": 6
      },
      "assigned_contract_counts": {
        "violated": 6
      },
      "assigned_usefulness_counts": {
        "satisfied": 3,
        "violated": 3
      },
      "retrospective_counts": {
        "chunk_target_alignment": {
          "satisfied": 6
        },
        "observation_context": {
          "satisfied": 6
        },
        "chunk_identity": {
          "satisfied": 6
        }
      },
      "contract_meanings": {
        "reference_contract_counts": "Original nine-predicate contract, including per-generation coverage.",
        "assigned_contract_counts": "Same other predicates with the separately frozen whole-case dispatch requirement; not_declared means no assigned contract was supplied.",
        "retrospective_counts": "Later alignment, observation-context and admitted chunk-identity readings, outside both frozen contracts."
      },
      "assessment_sha256": "31a17b7189c86eaef944904e2a9ffbf7b9ea590cdd2bcc87cf42be323948184d",
      "reuse_status": "bound"
    },
    {
      "name": "counterexample_reduction",
      "status": "readback_complete",
      "assignment_count": 22,
      "complete_records": 22,
      "old_contract_counts": {
        "unresolved": 9,
        "violated": 13
      },
      "new_contract_counts": {
        "violated": 19,
        "unresolved": 3
      },
      "assigned_contract_counts": {
        "violated": 14,
        "satisfied": 6,
        "unresolved": 2
      },
      "assigned_usefulness_counts": {
        "satisfied": 16,
        "violated": 6
      },
      "retrospective_counts": {
        "chunk_target_alignment": {
          "violated": 6,
          "satisfied": 15,
          "unresolved": 1
        },
        "observation_context": {
          "unresolved": 2,
          "satisfied": 19,
          "violated": 1
        },
        "chunk_identity": {
          "satisfied": 22
        }
      },
      "contract_meanings": {
        "reference_contract_counts": "Original nine-predicate contract, including per-generation coverage.",
        "assigned_contract_counts": "Same other predicates with the separately frozen whole-case dispatch requirement; not_declared means no assigned contract was supplied.",
        "retrospective_counts": "Later alignment, observation-context and admitted chunk-identity readings, outside both frozen contracts."
      },
      "assessment_sha256": "ce235a0ef97929501c13ddb53db389e60f061e07faed7a3a818cfd0b3de8d5f3",
      "reuse_status": "bound"
    },
    {
      "name": "request_binding_regression",
      "status": "readback_complete",
      "assignment_count": 6,
      "complete_records": 6,
      "old_contract_counts": {
        "violated": 6
      },
      "new_contract_counts": {
        "violated": 6
      },
      "assigned_contract_counts": {
        "unresolved": 1,
        "violated": 2,
        "satisfied": 3
      },
      "assigned_usefulness_counts": {
        "satisfied": 4,
        "violated": 2
      },
      "retrospective_counts": {
        "chunk_target_alignment": {
          "satisfied": 6
        },
        "observation_context": {
          "unresolved": 1,
          "satisfied": 5
        },
        "chunk_identity": {
          "satisfied": 6
        }
      },
      "contract_meanings": {
        "reference_contract_counts": "Original nine-predicate contract, including per-generation coverage.",
        "assigned_contract_counts": "Same other predicates with the separately frozen whole-case dispatch requirement; not_declared means no assigned contract was supplied.",
        "retrospective_counts": "Later alignment, observation-context and admitted chunk-identity readings, outside both frozen contracts."
      },
      "assessment_sha256": "e87f1711891c398f4ae840b0edbcd5bdaf844fbcd0a0fa1074d7b10acfce2c30",
      "reuse_status": "bound"
    },
    {
      "name": "cli_demonstration",
      "status": "readback_complete",
      "assignment_count": 6,
      "complete_records": 6,
      "old_contract_counts": {
        "violated": 3,
        "unresolved": 3
      },
      "new_contract_counts": {
        "violated": 3,
        "unresolved": 3
      },
      "assigned_contract_counts": {
        "violated": 3,
        "satisfied": 3
      },
      "assigned_usefulness_counts": {
        "satisfied": 5,
        "violated": 1
      },
      "retrospective_counts": {
        "chunk_target_alignment": {
          "satisfied": 6
        },
        "observation_context": {
          "satisfied": 6
        },
        "chunk_identity": {
          "satisfied": 6
        }
      },
      "contract_meanings": {
        "reference_contract_counts": "Original nine-predicate contract, including per-generation coverage.",
        "assigned_contract_counts": "Same other predicates with the separately frozen whole-case dispatch requirement; not_declared means no assigned contract was supplied.",
        "retrospective_counts": "Later alignment, observation-context and admitted chunk-identity readings, outside both frozen contracts."
      },
      "assessment_sha256": "c70374c8fa05ea9ac7a2638dd686c89bf993c08ab045a846271c4595d7d3721a",
      "reuse_status": "bound"
    },
    {
      "name": "clock_conformance",
      "status": "readback_complete",
      "assignment_count": 8,
      "complete_records": 8,
      "old_contract_counts": {
        "violated": 8
      },
      "new_contract_counts": {
        "violated": 8
      },
      "assigned_contract_counts": {
        "satisfied": 2,
        "unresolved": 2,
        "violated": 4
      },
      "assigned_usefulness_counts": {
        "satisfied": 5,
        "violated": 3
      },
      "retrospective_counts": {
        "chunk_target_alignment": {
          "satisfied": 8
        },
        "observation_context": {
          "satisfied": 8
        },
        "chunk_identity": {
          "satisfied": 8
        }
      },
      "contract_meanings": {
        "reference_contract_counts": "Original nine-predicate contract, including per-generation coverage.",
        "assigned_contract_counts": "Same other predicates with the separately frozen whole-case dispatch requirement; not_declared means no assigned contract was supplied.",
        "retrospective_counts": "Later alignment, observation-context and admitted chunk-identity readings, outside both frozen contracts."
      },
      "assessment_sha256": "5e2b9d7cb5ea5db66c050bb77cd6964cd0ffbc5a58475e1ca76a8bbba14d27c8",
      "reuse_status": "bound"
    },
    {
      "name": "admission_conformance",
      "status": "readback_complete",
      "assignment_count": 8,
      "complete_records": 8,
      "old_contract_counts": {
        "violated": 8
      },
      "new_contract_counts": {
        "violated": 8
      },
      "assigned_contract_counts": {
        "satisfied": 5,
        "violated": 3
      },
      "assigned_usefulness_counts": {
        "satisfied": 7,
        "violated": 1
      },
      "retrospective_counts": {
        "chunk_target_alignment": {
          "satisfied": 8
        },
        "observation_context": {
          "satisfied": 8
        },
        "chunk_identity": {
          "satisfied": 7,
          "violated": 1
        }
      },
      "contract_meanings": {
        "reference_contract_counts": "Original nine-predicate contract, including per-generation coverage.",
        "assigned_contract_counts": "Same other predicates with the separately frozen whole-case dispatch requirement; not_declared means no assigned contract was supplied.",
        "retrospective_counts": "Later alignment, observation-context and admitted chunk-identity readings, outside both frozen contracts."
      },
      "assessment_sha256": "edbeaacf1bf544e59785898512da9470d816dd7a4af1470ec2a13f63229bd313",
      "reuse_status": "bound"
    },
    {
      "name": "combined_deadline",
      "status": "readback_complete",
      "assignment_count": 24,
      "complete_records": 24,
      "old_contract_counts": {
        "violated": 24
      },
      "new_contract_counts": {
        "violated": 24
      },
      "assigned_contract_counts": {
        "satisfied": 14,
        "violated": 10
      },
      "assigned_usefulness_counts": {
        "satisfied": 15,
        "violated": 9
      },
      "retrospective_counts": {
        "chunk_target_alignment": {
          "satisfied": 24
        },
        "observation_context": {
          "satisfied": 24
        },
        "chunk_identity": {
          "satisfied": 24
        }
      },
      "contract_meanings": {
        "reference_contract_counts": "Original nine-predicate contract, including per-generation coverage.",
        "assigned_contract_counts": "Same other predicates with the separately frozen whole-case dispatch requirement; not_declared means no assigned contract was supplied.",
        "retrospective_counts": "Later alignment, observation-context and admitted chunk-identity readings, outside both frozen contracts."
      },
      "assessment_sha256": "08d0978efc3c1feaa9e6d1822378511cb1ab1efbf384726b0b28adf42648ad1d",
      "reuse_status": "bound"
    }
  ],
  "stopped": null,
  "retained_bytes": 10575736,
  "output_suballocation_bytes": 16777216,
  "costs": {
    "read_reconcile_before_final_write_wall_s": 10.306895750109106,
    "read_reconcile_before_final_write_cpu_s": 9.627458,
    "scope": "Current reads, assessment, sealed-result verification and delta serialization. Historical executions are not charged again; nested assessment meters are not additions."
  }
}
