{"schema": "nisayon.execution-contract-conformance.v1", "tested_commit": "cc1a072478b2ee86af0f453ebd4e847e57b0e0a5", "checker_sha256": "5ec19dd6e4248c6f716e318cdd1926747c3b9e8aad6556a577deb093dc88b9f7", "case_count": 278, "passed": 136, "failed": 142}
declaration_schema_absent CLI did not retain a report
declaration_schema_null CLI did not retain a report
declaration_schema_type CLI did not retain a report
declaration_assignment_absent CLI did not retain a report
declaration_assignment_null CLI did not retain a report
declaration_assignment_type CLI did not retain a report
declaration_candidate_absent CLI did not retain a report
declaration_candidate_null CLI did not retain a report
declaration_candidate_type CLI did not retain a report
declaration_disposition_absent CLI did not retain a report
declaration_disposition_null CLI did not retain a report
declaration_disposition_type CLI did not retain a report
declaration_reason_absent expected CLI exit 1; fair disagrees with contract; study eligibility disagrees with contract; prospective disagrees with contract; missing specific blocker: ['declaration_malformed']; text must expose study ineligibility; affected trial must be study-ineligible; malformed declaration must stay assigned but unusable; unusable claim must leave D; damaging a declaration must not increase C/N
declaration_reason_null expected CLI exit 1; fair disagrees with contract; study eligibility disagrees with contract; prospective disagrees with contract; missing specific blocker: ['declaration_malformed']; text must expose study ineligibility; affected trial must be study-ineligible; malformed declaration must stay assigned but unusable; unusable claim must leave D; damaging a declaration must not increase C/N
declaration_reason_type expected CLI exit 1; fair disagrees with contract; study eligibility disagrees with contract; prospective disagrees with contract; missing specific blocker: ['declaration_malformed']; text must expose study ineligibility; affected trial must be study-ineligible; malformed declaration must stay assigned but unusable; unusable claim must leave D; damaging a declaration must not increase C/N
declaration_evidence_absent expected CLI exit 1; fair disagrees with contract; study eligibility disagrees with contract; prospective disagrees with contract; missing specific blocker: ['declaration_malformed']; text must expose study ineligibility; affected trial must be study-ineligible; malformed declaration must stay assigned but unusable; unusable claim must leave D; damaging a declaration must not increase C/N
declaration_evidence_null expected CLI exit 1; fair disagrees with contract; study eligibility disagrees with contract; prospective disagrees with contract; missing specific blocker: ['declaration_malformed']; text must expose study ineligibility; affected trial must be study-ineligible; malformed declaration must stay assigned but unusable; unusable claim must leave D; damaging a declaration must not increase C/N
declaration_evidence_type expected CLI exit 1; fair disagrees with contract; study eligibility disagrees with contract; prospective disagrees with contract; missing specific blocker: ['declaration_malformed']; text must expose study ineligibility; affected trial must be study-ineligible; malformed declaration must stay assigned but unusable; unusable claim must leave D; damaging a declaration must not increase C/N
declaration_source_absent expected CLI exit 1; fair disagrees with contract; study eligibility disagrees with contract; prospective disagrees with contract; missing specific blocker: ['declaration_malformed']; text must expose study ineligibility; affected trial must be study-ineligible; malformed declaration must stay assigned but unusable; unusable claim must leave D; damaging a declaration must not increase C/N
declaration_source_null expected CLI exit 1; fair disagrees with contract; study eligibility disagrees with contract; prospective disagrees with contract; missing specific blocker: ['declaration_malformed']; text must expose study ineligibility; affected trial must be study-ineligible; malformed declaration must stay assigned but unusable; unusable claim must leave D; damaging a declaration must not increase C/N
declaration_source_type expected CLI exit 1; fair disagrees with contract; study eligibility disagrees with contract; prospective disagrees with contract; missing specific blocker: ['declaration_malformed']; text must expose study ineligibility; affected trial must be study-ineligible; malformed declaration must stay assigned but unusable; unusable claim must leave D; damaging a declaration must not increase C/N
declaration_settings_absent expected CLI exit 1; fair disagrees with contract; study eligibility disagrees with contract; prospective disagrees with contract; missing specific blocker: ['declaration_malformed']; text must expose study ineligibility; affected trial must be study-ineligible; malformed declaration must stay assigned but unusable; unusable claim must leave D; damaging a declaration must not increase C/N
declaration_settings_null expected CLI exit 1; fair disagrees with contract; study eligibility disagrees with contract; prospective disagrees with contract; missing specific blocker: ['declaration_malformed']; text must expose study ineligibility; affected trial must be study-ineligible; malformed declaration must stay assigned but unusable; unusable claim must leave D; damaging a declaration must not increase C/N
declaration_settings_type expected CLI exit 1; fair disagrees with contract; study eligibility disagrees with contract; prospective disagrees with contract; missing specific blocker: ['declaration_malformed']; text must expose study ineligibility; affected trial must be study-ineligible; malformed declaration must stay assigned but unusable; unusable claim must leave D; damaging a declaration must not increase C/N
declaration_evidence_scope_absent CLI did not retain a report
declaration_evidence_scope_null CLI did not retain a report
declaration_evidence_scope_type CLI did not retain a report
declaration_observed_absent expected CLI exit 1; fair disagrees with contract; study eligibility disagrees with contract; prospective disagrees with contract; missing specific blocker: ['declaration_malformed']; text must expose study ineligibility; affected trial must be study-ineligible; malformed declaration must stay assigned but unusable; unusable claim must leave D; damaging a declaration must not increase C/N
declaration_observed_null expected CLI exit 1; fair disagrees with contract; study eligibility disagrees with contract; prospective disagrees with contract; missing specific blocker: ['declaration_malformed']; text must expose study ineligibility; affected trial must be study-ineligible; malformed declaration must stay assigned but unusable; unusable claim must leave D; damaging a declaration must not increase C/N
declaration_observed_type expected CLI exit 1; fair disagrees with contract; study eligibility disagrees with contract; prospective disagrees with contract; missing specific blocker: ['declaration_malformed']; text must expose study ineligibility; affected trial must be study-ineligible; malformed declaration must stay assigned but unusable; unusable claim must leave D; damaging a declaration must not increase C/N
declaration_request_sha256_absent expected CLI exit 1; fair disagrees with contract; study eligibility disagrees with contract; prospective disagrees with contract; missing specific blocker: ['declaration_malformed']; text must expose study ineligibility; affected trial must be study-ineligible; malformed declaration must stay assigned but unusable; unusable claim must leave D; damaging a declaration must not increase C/N
declaration_request_sha256_null expected CLI exit 1; fair disagrees with contract; study eligibility disagrees with contract; prospective disagrees with contract; missing specific blocker: ['declaration_malformed']; text must expose study ineligibility; affected trial must be study-ineligible; malformed declaration must stay assigned but unusable; unusable claim must leave D; damaging a declaration must not increase C/N
declaration_request_sha256_type expected CLI exit 1; fair disagrees with contract; study eligibility disagrees with contract; prospective disagrees with contract; missing specific blocker: ['declaration_malformed']; text must expose study ineligibility; affected trial must be study-ineligible; malformed declaration must stay assigned but unusable; unusable claim must leave D; damaging a declaration must not increase C/N
declaration_source_sha256_absent expected CLI exit 1; fair disagrees with contract; study eligibility disagrees with contract; prospective disagrees with contract; missing specific blocker: ['declaration_malformed']; text must expose study ineligibility; affected trial must be study-ineligible; malformed declaration must stay assigned but unusable; unusable claim must leave D; damaging a declaration must not increase C/N
declaration_source_sha256_null expected CLI exit 1; fair disagrees with contract; study eligibility disagrees with contract; prospective disagrees with contract; missing specific blocker: ['declaration_malformed']; text must expose study ineligibility; affected trial must be study-ineligible; malformed declaration must stay assigned but unusable; unusable claim must leave D; damaging a declaration must not increase C/N
declaration_source_sha256_type expected CLI exit 1; fair disagrees with contract; study eligibility disagrees with contract; prospective disagrees with contract; missing specific blocker: ['declaration_malformed']; text must expose study ineligibility; affected trial must be study-ineligible; malformed declaration must stay assigned but unusable; unusable claim must leave D; damaging a declaration must not increase C/N
declaration_settings_sha256_absent expected CLI exit 1; fair disagrees with contract; study eligibility disagrees with contract; prospective disagrees with contract; missing specific blocker: ['declaration_malformed']; text must expose study ineligibility; affected trial must be study-ineligible; malformed declaration must stay assigned but unusable; unusable claim must leave D; damaging a declaration must not increase C/N
declaration_settings_sha256_null expected CLI exit 1; fair disagrees with contract; study eligibility disagrees with contract; prospective disagrees with contract; missing specific blocker: ['declaration_malformed']; text must expose study ineligibility; affected trial must be study-ineligible; malformed declaration must stay assigned but unusable; unusable claim must leave D; damaging a declaration must not increase C/N
declaration_settings_sha256_type expected CLI exit 1; fair disagrees with contract; study eligibility disagrees with contract; prospective disagrees with contract; missing specific blocker: ['declaration_malformed']; text must expose study ineligibility; affected trial must be study-ineligible; malformed declaration must stay assigned but unusable; unusable claim must leave D; damaging a declaration must not increase C/N
declaration_assignment_suite_id_absent expected CLI exit 1; fair disagrees with contract; study eligibility disagrees with contract; prospective disagrees with contract; missing specific blocker: ['declaration_malformed']; text must expose study ineligibility; affected trial must be study-ineligible; malformed declaration must stay assigned but unusable; unusable claim must leave D; damaging a declaration must not increase C/N
declaration_assignment_suite_id_null expected CLI exit 1; fair disagrees with contract; study eligibility disagrees with contract; prospective disagrees with contract; missing specific blocker: ['declaration_malformed']; text must expose study ineligibility; affected trial must be study-ineligible; malformed declaration must stay assigned but unusable; unusable claim must leave D; damaging a declaration must not increase C/N
declaration_assignment_suite_id_type CLI did not retain a report
declaration_assignment_case_id_absent CLI did not retain a report
declaration_assignment_case_id_null CLI did not retain a report
declaration_assignment_case_id_type CLI did not retain a report
declaration_assignment_arm_absent CLI did not retain a report
declaration_assignment_arm_null CLI did not retain a report
declaration_assignment_arm_type CLI did not retain a report
declaration_assignment_frozen_inputs_sha256_absent expected CLI exit 1; fair disagrees with contract; study eligibility disagrees with contract; prospective disagrees with contract; missing specific blocker: ['declaration_malformed']; text must expose study ineligibility; affected trial must be study-ineligible; malformed declaration must stay assigned but unusable; unusable claim must leave D; damaging a declaration must not increase C/N
declaration_assignment_frozen_inputs_sha256_null expected CLI exit 1; fair disagrees with contract; study eligibility disagrees with contract; prospective disagrees with contract; missing specific blocker: ['declaration_malformed']; text must expose study ineligibility; affected trial must be study-ineligible; malformed declaration must stay assigned but unusable; unusable claim must leave D; damaging a declaration must not increase C/N
declaration_assignment_frozen_inputs_sha256_type expected CLI exit 1; fair disagrees with contract; study eligibility disagrees with contract; prospective disagrees with contract; missing specific blocker: ['declaration_malformed']; text must expose study ineligibility; affected trial must be study-ineligible; malformed declaration must stay assigned but unusable; unusable claim must leave D; damaging a declaration must not increase C/N
declaration_observed_event_id_absent expected CLI exit 1; fair disagrees with contract; study eligibility disagrees with contract; prospective disagrees with contract; missing specific blocker: ['declaration_malformed']; text must expose study ineligibility; affected trial must be study-ineligible; malformed declaration must stay assigned but unusable; unusable claim must leave D; damaging a declaration must not increase C/N
declaration_observed_event_id_null expected CLI exit 1; fair disagrees with contract; study eligibility disagrees with contract; prospective disagrees with contract; missing specific blocker: ['declaration_malformed']; text must expose study ineligibility; affected trial must be study-ineligible; malformed declaration must stay assigned but unusable; unusable claim must leave D; damaging a declaration must not increase C/N
declaration_observed_event_id_type expected CLI exit 1; fair disagrees with contract; study eligibility disagrees with contract; prospective disagrees with contract; missing specific blocker: ['declaration_malformed']; text must expose study ineligibility; affected trial must be study-ineligible; malformed declaration must stay assigned but unusable; unusable claim must leave D; damaging a declaration must not increase C/N
declaration_observed_recorded_at_absent expected CLI exit 1; fair disagrees with contract; study eligibility disagrees with contract; prospective disagrees with contract; missing specific blocker: ['declaration_malformed']; text must expose study ineligibility; affected trial must be study-ineligible; malformed declaration must stay assigned but unusable; unusable claim must leave D; damaging a declaration must not increase C/N
declaration_observed_recorded_at_null expected CLI exit 1; fair disagrees with contract; study eligibility disagrees with contract; prospective disagrees with contract; missing specific blocker: ['declaration_malformed']; text must expose study ineligibility; affected trial must be study-ineligible; malformed declaration must stay assigned but unusable; unusable claim must leave D; damaging a declaration must not increase C/N
declaration_observed_recorded_at_type missing specific blocker: ['declaration_malformed']
declaration_observed_sequence_absent expected CLI exit 1; fair disagrees with contract; study eligibility disagrees with contract; prospective disagrees with contract; missing specific blocker: ['declaration_malformed']; text must expose study ineligibility; affected trial must be study-ineligible; malformed declaration must stay assigned but unusable; unusable claim must leave D; damaging a declaration must not increase C/N
declaration_observed_sequence_null expected CLI exit 1; fair disagrees with contract; study eligibility disagrees with contract; prospective disagrees with contract; missing specific blocker: ['declaration_malformed']; text must expose study ineligibility; affected trial must be study-ineligible; malformed declaration must stay assigned but unusable; unusable claim must leave D; damaging a declaration must not increase C/N
declaration_observed_sequence_type expected CLI exit 1; fair disagrees with contract; study eligibility disagrees with contract; prospective disagrees with contract; missing specific blocker: ['declaration_malformed']; text must expose study ineligibility; affected trial must be study-ineligible; malformed declaration must stay assigned but unusable; unusable claim must leave D; damaging a declaration must not increase C/N
declaration_candidate_configuration_absent expected CLI exit 1; fair disagrees with contract; study eligibility disagrees with contract; prospective disagrees with contract; missing specific blocker: ['declaration_malformed']; text must expose study ineligibility; affected trial must be study-ineligible; malformed declaration must stay assigned but unusable; unusable claim must leave D; damaging a declaration must not increase C/N
declaration_candidate_configuration_null expected CLI exit 1; fair disagrees with contract; study eligibility disagrees with contract; prospective disagrees with contract; missing specific blocker: ['declaration_malformed']; text must expose study ineligibility; affected trial must be study-ineligible; malformed declaration must stay assigned but unusable; unusable claim must leave D; damaging a declaration must not increase C/N
declaration_candidate_configuration_type expected CLI exit 1; fair disagrees with contract; study eligibility disagrees with contract; prospective disagrees with contract; missing specific blocker: ['declaration_malformed']; text must expose study ineligibility; affected trial must be study-ineligible; malformed declaration must stay assigned but unusable; unusable claim must leave D; damaging a declaration must not increase C/N
declaration_candidate_configuration_sha256_absent CLI did not retain a report
declaration_candidate_configuration_sha256_null CLI did not retain a report
declaration_candidate_configuration_sha256_type CLI did not retain a report
declaration_evidence_0_path_absent expected CLI exit 1; fair disagrees with contract; study eligibility disagrees with contract; prospective disagrees with contract; missing specific blocker: ['declaration_malformed']; text must expose study ineligibility; affected trial must be study-ineligible; malformed declaration must stay assigned but unusable; unusable claim must leave D; damaging a declaration must not increase C/N
declaration_evidence_0_path_null expected CLI exit 1; fair disagrees with contract; study eligibility disagrees with contract; prospective disagrees with contract; missing specific blocker: ['declaration_malformed']; text must expose study ineligibility; affected trial must be study-ineligible; malformed declaration must stay assigned but unusable; unusable claim must leave D; damaging a declaration must not increase C/N
declaration_evidence_0_path_type expected CLI exit 1; fair disagrees with contract; study eligibility disagrees with contract; prospective disagrees with contract; missing specific blocker: ['declaration_malformed']; text must expose study ineligibility; affected trial must be study-ineligible; malformed declaration must stay assigned but unusable; unusable claim must leave D; damaging a declaration must not increase C/N
declaration_evidence_0_sha256_absent expected CLI exit 1; fair disagrees with contract; study eligibility disagrees with contract; prospective disagrees with contract; missing specific blocker: ['declaration_malformed']; text must expose study ineligibility; affected trial must be study-ineligible; malformed declaration must stay assigned but unusable; unusable claim must leave D; damaging a declaration must not increase C/N
declaration_evidence_0_sha256_null expected CLI exit 1; fair disagrees with contract; study eligibility disagrees with contract; prospective disagrees with contract; missing specific blocker: ['declaration_malformed']; text must expose study ineligibility; affected trial must be study-ineligible; malformed declaration must stay assigned but unusable; unusable claim must leave D; damaging a declaration must not increase C/N
declaration_evidence_0_sha256_type expected CLI exit 1; fair disagrees with contract; study eligibility disagrees with contract; prospective disagrees with contract; missing specific blocker: ['declaration_malformed']; text must expose study ineligibility; affected trial must be study-ineligible; malformed declaration must stay assigned but unusable; unusable claim must leave D; damaging a declaration must not increase C/N
start_candidate_absent expected CLI exit 1; fair disagrees with contract; study eligibility disagrees with contract; prospective disagrees with contract; missing specific blocker: ['terminal_binding_unverifiable']; text must expose study ineligibility; affected trial must be study-ineligible
start_evidence_scope_absent expected CLI exit 1; fair disagrees with contract; study eligibility disagrees with contract; prospective disagrees with contract; missing specific blocker: ['terminal_binding_unverifiable']; text must expose study ineligibility; affected trial must be study-ineligible
start_observed_absent expected CLI exit 1; fair disagrees with contract; study eligibility disagrees with contract; prospective disagrees with contract; missing specific blocker: ['terminal_binding_unverifiable']; text must expose study ineligibility; affected trial must be study-ineligible
start_observed_null expected CLI exit 1; fair disagrees with contract; study eligibility disagrees with contract; prospective disagrees with contract; missing specific blocker: ['terminal_binding_unverifiable']; text must expose study ineligibility; affected trial must be study-ineligible
start_observed_event_id_absent expected CLI exit 1; fair disagrees with contract; study eligibility disagrees with contract; prospective disagrees with contract; missing specific blocker: ['terminal_binding_unverifiable']; text must expose study ineligibility; affected trial must be study-ineligible
start_observed_event_id_null expected CLI exit 1; fair disagrees with contract; study eligibility disagrees with contract; prospective disagrees with contract; missing specific blocker: ['terminal_binding_unverifiable']; text must expose study ineligibility; affected trial must be study-ineligible
start_observed_event_id_type expected CLI exit 1; fair disagrees with contract; study eligibility disagrees with contract; prospective disagrees with contract; missing specific blocker: ['terminal_binding_unverifiable']; text must expose study ineligibility; affected trial must be study-ineligible
start_observed_recorded_at_absent expected CLI exit 1; fair disagrees with contract; study eligibility disagrees with contract; prospective disagrees with contract; missing specific blocker: ['terminal_binding_unverifiable']; text must expose study ineligibility; affected trial must be study-ineligible
start_observed_recorded_at_null expected CLI exit 1; fair disagrees with contract; study eligibility disagrees with contract; prospective disagrees with contract; missing specific blocker: ['terminal_binding_unverifiable']; text must expose study ineligibility; affected trial must be study-ineligible
start_observed_recorded_at_type expected CLI exit 1; fair disagrees with contract; study eligibility disagrees with contract; prospective disagrees with contract; missing specific blocker: ['terminal_binding_unverifiable']; text must expose study ineligibility; affected trial must be study-ineligible
result_request_sha256_absent expected CLI exit 1; fair disagrees with contract; study eligibility disagrees with contract; prospective disagrees with contract; missing specific blocker: ['terminal_binding_unverifiable']; text must expose study ineligibility; affected trial must be study-ineligible
result_request_sha256_null expected CLI exit 1; fair disagrees with contract; study eligibility disagrees with contract; prospective disagrees with contract; missing specific blocker: ['terminal_binding_unverifiable']; text must expose study ineligibility; affected trial must be study-ineligible
result_request_sha256_type expected CLI exit 1; fair disagrees with contract; study eligibility disagrees with contract; prospective disagrees with contract; missing specific blocker: ['terminal_binding_unverifiable']; text must expose study ineligibility; affected trial must be study-ineligible
result_observed_absent expected CLI exit 1; fair disagrees with contract; study eligibility disagrees with contract; prospective disagrees with contract; missing specific blocker: ['terminal_binding_unverifiable']; text must expose study ineligibility; affected trial must be study-ineligible
result_observed_null expected CLI exit 1; fair disagrees with contract; study eligibility disagrees with contract; prospective disagrees with contract; missing specific blocker: ['terminal_binding_unverifiable']; text must expose study ineligibility; affected trial must be study-ineligible
result_observed_event_id_absent expected CLI exit 1; fair disagrees with contract; study eligibility disagrees with contract; prospective disagrees with contract; missing specific blocker: ['terminal_binding_unverifiable']; text must expose study ineligibility; affected trial must be study-ineligible
result_observed_event_id_null expected CLI exit 1; fair disagrees with contract; study eligibility disagrees with contract; prospective disagrees with contract; missing specific blocker: ['terminal_binding_unverifiable']; text must expose study ineligibility; affected trial must be study-ineligible
result_observed_event_id_type expected CLI exit 1; fair disagrees with contract; study eligibility disagrees with contract; prospective disagrees with contract; missing specific blocker: ['terminal_binding_unverifiable']; text must expose study ineligibility; affected trial must be study-ineligible
result_observed_recorded_at_absent expected CLI exit 1; fair disagrees with contract; study eligibility disagrees with contract; prospective disagrees with contract; missing specific blocker: ['terminal_binding_unverifiable']; text must expose study ineligibility; affected trial must be study-ineligible
result_observed_recorded_at_null expected CLI exit 1; fair disagrees with contract; study eligibility disagrees with contract; prospective disagrees with contract; missing specific blocker: ['terminal_binding_unverifiable']; text must expose study ineligibility; affected trial must be study-ineligible
result_observed_recorded_at_type expected CLI exit 1; fair disagrees with contract; study eligibility disagrees with contract; prospective disagrees with contract; missing specific blocker: ['terminal_binding_unverifiable']; text must expose study ineligibility; affected trial must be study-ineligible
declaration_sequence_boolean expected CLI exit 1; fair disagrees with contract; study eligibility disagrees with contract; prospective disagrees with contract; missing specific blocker: ['declaration_malformed']; text must expose study ineligibility; affected trial must be study-ineligible; malformed declaration must stay assigned but unusable; unusable claim must leave D; damaging a declaration must not increase C/N
declaration_sequence_float expected CLI exit 1; fair disagrees with contract; study eligibility disagrees with contract; prospective disagrees with contract; missing specific blocker: ['declaration_malformed']; text must expose study ineligibility; affected trial must be study-ineligible; malformed declaration must stay assigned but unusable; unusable claim must leave D; damaging a declaration must not increase C/N
declaration_sequence_string expected CLI exit 1; fair disagrees with contract; study eligibility disagrees with contract; prospective disagrees with contract; missing specific blocker: ['declaration_malformed']; text must expose study ineligibility; affected trial must be study-ineligible; malformed declaration must stay assigned but unusable; unusable claim must leave D; damaging a declaration must not increase C/N
declaration_sequence_wrong expected CLI exit 1; fair disagrees with contract; study eligibility disagrees with contract; prospective disagrees with contract; missing specific blocker: ['declaration_malformed']; text must expose study ineligibility; affected trial must be study-ineligible; malformed declaration must stay assigned but unusable; unusable claim must leave D; damaging a declaration must not increase C/N
declaration_clock_naive missing specific blocker: ['declaration_malformed']
declaration_clock_invalid missing specific blocker: ['declaration_malformed']
declaration_schema_version CLI did not retain a report
declaration_event_empty expected CLI exit 1; fair disagrees with contract; study eligibility disagrees with contract; prospective disagrees with contract; missing specific blocker: ['declaration_malformed']; text must expose study ineligibility; affected trial must be study-ineligible; malformed declaration must stay assigned but unusable; unusable claim must leave D; damaging a declaration must not increase C/N
declaration_suite_id_mismatch CLI did not retain a report
declaration_case_id_mismatch CLI did not retain a report
declaration_arm_mismatch CLI did not retain a report
declaration_frozen_inputs_sha256_mismatch CLI did not retain a report
declaration_frozen_digest_syntax CLI did not retain a report
declaration_assignment_extra expected CLI exit 1; fair disagrees with contract; study eligibility disagrees with contract; prospective disagrees with contract; missing specific blocker: ['declaration_malformed']; text must expose study ineligibility; affected trial must be study-ineligible; malformed declaration must stay assigned but unusable; unusable claim must leave D; damaging a declaration must not increase C/N
start_sequence_float expected CLI exit 1; fair disagrees with contract; study eligibility disagrees with contract; prospective disagrees with contract; missing specific blocker: ['terminal_binding_unverifiable']; text must expose study ineligibility; affected trial must be study-ineligible
start_clock_naive expected CLI exit 1; fair disagrees with contract; study eligibility disagrees with contract; prospective disagrees with contract; missing specific blocker: ['terminal_binding_unverifiable']; text must expose study ineligibility; affected trial must be study-ineligible
start_clock_invalid expected CLI exit 1; fair disagrees with contract; study eligibility disagrees with contract; prospective disagrees with contract; missing specific blocker: ['terminal_binding_unverifiable']; text must expose study ineligibility; affected trial must be study-ineligible
start_event_empty expected CLI exit 1; fair disagrees with contract; study eligibility disagrees with contract; prospective disagrees with contract; missing specific blocker: ['terminal_binding_unverifiable']; text must expose study ineligibility; affected trial must be study-ineligible
result_sequence_float expected CLI exit 1; fair disagrees with contract; study eligibility disagrees with contract; prospective disagrees with contract; missing specific blocker: ['terminal_binding_unverifiable']; text must expose study ineligibility; affected trial must be study-ineligible
result_clock_naive expected CLI exit 1; fair disagrees with contract; study eligibility disagrees with contract; prospective disagrees with contract; missing specific blocker: ['terminal_binding_unverifiable']; text must expose study ineligibility; affected trial must be study-ineligible
result_clock_invalid expected CLI exit 1; fair disagrees with contract; study eligibility disagrees with contract; prospective disagrees with contract; missing specific blocker: ['terminal_binding_unverifiable']; text must expose study ineligibility; affected trial must be study-ineligible
result_event_empty expected CLI exit 1; fair disagrees with contract; study eligibility disagrees with contract; prospective disagrees with contract; missing specific blocker: ['terminal_binding_unverifiable']; text must expose study ineligibility; affected trial must be study-ineligible
declaration_candidate_digest_mismatch expected CLI exit 1; fair disagrees with contract; study eligibility disagrees with contract; prospective disagrees with contract; missing specific blocker: ['declaration_malformed']; text must expose study ineligibility; affected trial must be study-ineligible; malformed declaration must stay assigned but unusable; unusable claim must leave D
declaration_candidate_digest_syntax CLI did not retain a report
declaration_candidate_config_mismatch expected CLI exit 1; fair disagrees with contract; study eligibility disagrees with contract; prospective disagrees with contract; missing specific blocker: ['declaration_malformed']; text must expose study ineligibility; affected trial must be study-ineligible; malformed declaration must stay assigned but unusable; unusable claim must leave D; damaging a declaration must not increase C/N
declaration_candidate_extra expected CLI exit 1; fair disagrees with contract; study eligibility disagrees with contract; prospective disagrees with contract; missing specific blocker: ['declaration_malformed']; text must expose study ineligibility; affected trial must be study-ineligible; malformed declaration must stay assigned but unusable; unusable claim must leave D; damaging a declaration must not increase C/N
declaration_scope_unknown CLI did not retain a report
declaration_reason_empty expected CLI exit 1; fair disagrees with contract; study eligibility disagrees with contract; prospective disagrees with contract; missing specific blocker: ['declaration_malformed']; text must expose study ineligibility; affected trial must be study-ineligible; malformed declaration must stay assigned but unusable; unusable claim must leave D; damaging a declaration must not increase C/N
declaration_source_empty expected CLI exit 1; fair disagrees with contract; study eligibility disagrees with contract; prospective disagrees with contract; missing specific blocker: ['declaration_malformed']; text must expose study ineligibility; affected trial must be study-ineligible; malformed declaration must stay assigned but unusable; unusable claim must leave D; damaging a declaration must not increase C/N
declaration_settings_empty expected CLI exit 1; fair disagrees with contract; study eligibility disagrees with contract; prospective disagrees with contract; missing specific blocker: ['declaration_malformed']; text must expose study ineligibility; affected trial must be study-ineligible; malformed declaration must stay assigned but unusable; unusable claim must leave D; damaging a declaration must not increase C/N
declaration_disposition_unknown CLI did not retain a report
declaration_request_sha256_mismatch expected CLI exit 1; fair disagrees with contract; study eligibility disagrees with contract; prospective disagrees with contract; missing specific blocker: ['declaration_malformed']; text must expose study ineligibility; affected trial must be study-ineligible; malformed declaration must stay assigned but unusable; unusable claim must leave D; damaging a declaration must not increase C/N
declaration_source_sha256_mismatch expected CLI exit 1; fair disagrees with contract; study eligibility disagrees with contract; prospective disagrees with contract; missing specific blocker: ['declaration_malformed']; text must expose study ineligibility; affected trial must be study-ineligible; malformed declaration must stay assigned but unusable; unusable claim must leave D; damaging a declaration must not increase C/N
declaration_settings_sha256_mismatch expected CLI exit 1; fair disagrees with contract; study eligibility disagrees with contract; prospective disagrees with contract; missing specific blocker: ['declaration_malformed']; text must expose study ineligibility; affected trial must be study-ineligible; malformed declaration must stay assigned but unusable; unusable claim must leave D; damaging a declaration must not increase C/N
result_request_mismatch expected CLI exit 1; fair disagrees with contract; study eligibility disagrees with contract; prospective disagrees with contract; missing specific blocker: ['terminal_binding_unverifiable']; text must expose study ineligibility; affected trial must be study-ineligible
start_declaration_path_wrong expected CLI exit 1; fair disagrees with contract; study eligibility disagrees with contract; prospective disagrees with contract; missing specific blocker: ['terminal_binding_unverifiable']; text must expose study ineligibility; affected trial must be study-ineligible
start_declaration_path_escape expected CLI exit 1; fair disagrees with contract; study eligibility disagrees with contract; prospective disagrees with contract; missing specific blocker: ['terminal_binding_unverifiable']; text must expose study ineligibility; affected trial must be study-ineligible
result_declaration_path_wrong expected CLI exit 1; fair disagrees with contract; study eligibility disagrees with contract; prospective disagrees with contract; missing specific blocker: ['terminal_binding_unverifiable']; text must expose study ineligibility; affected trial must be study-ineligible
result_declaration_path_escape expected CLI exit 1; fair disagrees with contract; study eligibility disagrees with contract; prospective disagrees with contract; missing specific blocker: ['terminal_binding_unverifiable']; text must expose study ineligibility; affected trial must be study-ineligible
result_terminal_start_path_wrong expected CLI exit 1; fair disagrees with contract; study eligibility disagrees with contract; prospective disagrees with contract; missing specific blocker: ['terminal_binding_unverifiable']; text must expose study ineligibility; affected trial must be study-ineligible
result_terminal_start_path_escape expected CLI exit 1; fair disagrees with contract; study eligibility disagrees with contract; prospective disagrees with contract; missing specific blocker: ['terminal_binding_unverifiable']; text must expose study ineligibility; affected trial must be study-ineligible
start_clock_reversed expected CLI exit 1; fair disagrees with contract; study eligibility disagrees with contract; prospective disagrees with contract; missing specific blocker: ['terminal_binding_unverifiable']; text must expose study ineligibility; affected trial must be study-ineligible
result_clock_reversed expected CLI exit 1; fair disagrees with contract; study eligibility disagrees with contract; prospective disagrees with contract; missing specific blocker: ['terminal_binding_unverifiable']; text must expose study ineligibility; affected trial must be study-ineligible
absent_candidate_abstain expected CLI exit 1; fair disagrees with contract; study eligibility disagrees with contract; prospective disagrees with contract; missing specific blocker: ['declaration_malformed']; text must expose study ineligibility; affected trial must be study-ineligible; malformed declaration must stay assigned but unusable
absent_start_candidate_abstain expected CLI exit 1; fair disagrees with contract; study eligibility disagrees with contract; prospective disagrees with contract; missing specific blocker: ['terminal_binding_unverifiable']; text must expose study ineligibility; affected trial must be study-ineligible
absent_candidate_refuse expected CLI exit 1; fair disagrees with contract; study eligibility disagrees with contract; prospective disagrees with contract; missing specific blocker: ['declaration_malformed']; text must expose study ineligibility; affected trial must be study-ineligible; malformed declaration must stay assigned but unusable
absent_start_candidate_refuse expected CLI exit 1; fair disagrees with contract; study eligibility disagrees with contract; prospective disagrees with contract; missing specific blocker: ['terminal_binding_unverifiable']; text must expose study ineligibility; affected trial must be study-ineligible
absent_candidate_unresolved expected CLI exit 1; fair disagrees with contract; study eligibility disagrees with contract; prospective disagrees with contract; missing specific blocker: ['declaration_malformed']; text must expose study ineligibility; affected trial must be study-ineligible; malformed declaration must stay assigned but unusable
absent_start_candidate_unresolved expected CLI exit 1; fair disagrees with contract; study eligibility disagrees with contract; prospective disagrees with contract; missing specific blocker: ['terminal_binding_unverifiable']; text must expose study ineligibility; affected trial must be study-ineligible
