{
  "observed_at": "2026-09-19T16:47:54.622823+00:00",
  "scope": "Post-run input audit and historical comparison; not a new pre-outcome freeze",
  "bundle_sha256": "c9f9241d40b2ba8e5119ff69d75371d8a21527f497e8247c1bb545992f208d85",
  "integrity": {
    "status": "verified",
    "artifact_files": 27,
    "simulator_runs": 6,
    "trace_rows": 248,
    "declared_measurement_gaps": [],
    "scientific_acceptance": "not_decided_by_integrity_checks"
  },
  "pairs": [
    {
      "seed": 0,
      "checks": {
        "seed": true,
        "case_id": true,
        "code_sha256": true,
        "dependencies_sha256": true,
        "policy_sha256": true,
        "execution_identity_sha256": true,
        "configuration_except_target": true,
        "recorded_state_except_target": true,
        "numpy_rng": true,
        "torch_rng": true,
        "python_rng": true,
        "policy_reset": true,
        "observation": true,
        "policy_state_before": true,
        "intended_action": true,
        "executed_action": true,
        "XML": true
      },
      "all_recorded_inputs_match": true
    },
    {
      "seed": 10,
      "checks": {
        "seed": true,
        "case_id": true,
        "code_sha256": true,
        "dependencies_sha256": true,
        "policy_sha256": true,
        "execution_identity_sha256": true,
        "configuration_except_target": true,
        "recorded_state_except_target": true,
        "numpy_rng": true,
        "torch_rng": true,
        "python_rng": true,
        "policy_reset": true,
        "observation": true,
        "policy_state_before": true,
        "intended_action": true,
        "executed_action": true,
        "XML": true
      },
      "all_recorded_inputs_match": true
    },
    {
      "seed": 11,
      "checks": {
        "seed": true,
        "case_id": true,
        "code_sha256": true,
        "dependencies_sha256": true,
        "policy_sha256": true,
        "execution_identity_sha256": true,
        "configuration_except_target": true,
        "recorded_state_except_target": true,
        "numpy_rng": true,
        "torch_rng": true,
        "python_rng": true,
        "policy_reset": true,
        "observation": true,
        "policy_state_before": true,
        "intended_action": true,
        "executed_action": true,
        "XML": true
      },
      "all_recorded_inputs_match": true
    }
  ],
  "historical_restored_comparison": {
    "source": "artifacts/development-ablation-001/D01-gripper-sign/A/diagnostic/execution/reference-0.run.json",
    "sha256": "55139516eaae7538ec3a3c9dbe43592907091ced5b7a4e8216f62583b79c519c",
    "steps": [
      44,
      44
    ],
    "outcomes": [
      "completed",
      "completed"
    ],
    "quantities": {
      "cube_height_m": {
        "exactly_equal": false,
        "max_abs_difference": 1.4600087694383035e-08
      },
      "executed_action": {
        "exactly_equal": false,
        "max_abs_difference": 5.364418029785156e-07
      },
      "action_sim_time_s": {
        "exactly_equal": true,
        "max_abs_difference": 0.0
      },
      "next_sim_time_s": {
        "exactly_equal": true,
        "max_abs_difference": 0.0
      }
    },
    "reading": "Explicit symmetric refresh is not asserted bitwise equal to the historical omitted-setting run. These measured differences do not regrade that record."
  },
  "known_nested_run_walls_s": 9.916850961279124,
  "timing_boundary": "Run walls include reset, inference, simulation and trace writes; simulator-step-only wall was not separately measured.",
  "omitted_state": [
    "all controller caches",
    "MuJoCo internal solver caches",
    "all observable buffers",
    "OS scheduling"
  ]
}
