{
  "schema": "nisayon.confirmation-export-audit.v1",
  "audit_source_sha256": "8ecacd2a28d8819054f2efd6b6cc45c9f604c413534dba599fcf463b41e9bb96",
  "source_commit": "14e7805643dfe32252f2b46926512807d56c0035",
  "export_sha256": "f2edd45742ad2cc05a9a35957ac6312b11205cb5058977c61e1ccb89bed42e0c",
  "input_validation": {
    "status": "current",
    "issues": []
  },
  "assigned_trials": 26,
  "trials_without_confirmation": 6,
  "scheduled_pairs": 660,
  "fresh_pairs": 640,
  "reproduction_pairs": 20,
  "confirmation_executions": 1474,
  "executed_prefixes": 134,
  "outcomes_unchanged": {
    "development-ablation-001/A": {
      "confirmed": 6,
      "rejected": 1,
      "unsupported": 1,
      "invalid": 1,
      "unresolved": 1
    },
    "development-ablation-001/B": {
      "confirmed": 6,
      "rejected": 1,
      "unsupported": 1,
      "invalid": 1,
      "unresolved": 1
    },
    "bounded-agent-comparison-001/A": {
      "confirmed": 3
    },
    "bounded-agent-comparison-001/B": {
      "confirmed": 3
    }
  },
  "conditional_recorded_wall_bounds": [
    {
      "comparison": "development-ablation-001",
      "arm": "A",
      "own_wall_s": 881.95364367,
      "confirmation_nested_run_wall_s": 612.048496,
      "speedup_ceiling_if_all_other_recorded_own_work_free": 1.440986538540567,
      "premise": "Confirmation run/reset/trace-write wall fixed; even diagnosis and all other own-phase work made free. Conditional recorded-wall bound, not a measured saving or a complete economic bound."
    },
    {
      "comparison": "development-ablation-001",
      "arm": "B",
      "own_wall_s": 926.197560915,
      "confirmation_nested_run_wall_s": 632.633062,
      "speedup_ceiling_if_all_other_recorded_own_work_free": 1.4640359736921242,
      "premise": "Confirmation run/reset/trace-write wall fixed; even diagnosis and all other own-phase work made free. Conditional recorded-wall bound, not a measured saving or a complete economic bound."
    },
    {
      "comparison": "bounded-agent-comparison-001",
      "arm": "A",
      "own_wall_s": 422.272440541,
      "confirmation_nested_run_wall_s": 230.422209,
      "speedup_ceiling_if_all_other_recorded_own_work_free": 1.832603039323349,
      "premise": "Confirmation run/reset/trace-write wall fixed; even diagnosis and all other own-phase work made free. Conditional recorded-wall bound, not a measured saving or a complete economic bound."
    },
    {
      "comparison": "bounded-agent-comparison-001",
      "arm": "B",
      "own_wall_s": 435.157556543,
      "confirmation_nested_run_wall_s": 233.751462,
      "speedup_ceiling_if_all_other_recorded_own_work_free": 1.8616249619136072,
      "premise": "Confirmation run/reset/trace-write wall fixed; even diagnosis and all other own-phase work made free. Conditional recorded-wall bound, not a measured saving or a complete economic bound."
    }
  ],
  "historical_metadata_unchanged": [
    "docs/experiments/results/development-ablation-001",
    "docs/experiments/results/bounded-agent-comparison-001",
    "docs/experiments/results/retained-declarations-002"
  ],
  "new_simulator_executions": 0,
  "scientific_acceptance": "none"
}
