Uninstalled 49 packages in 2.37s
 - absl-py==2.5.0
 - contourpy==1.3.3
 - cycler==0.12.1
 - etils==1.14.0
 - filelock==4.0.0
 - fonttools==4.65.0
 - fsspec==2026.7.0
 - glfw==2.10.2
 - grpcio==1.84.0
 - imageio==2.37.4
 - imageio-ffmpeg==0.6.0
 - jinja2==3.1.6
 - kiwisolver==1.5.1
 - llvmlite==0.44.0
 - markdown==3.10.3
 - markupsafe==3.0.3
 - matplotlib==3.11.2
 - mpmath==1.3.0
 - mujoco==3.2.7
 - networkx==3.6.1
 - numba==0.61.2
 - opencv-python==4.10.0.84
 - pillow==12.3.0
 - protobuf==7.36.1
 - psutil==7.2.2
 - pynput==1.8.2
 - pyobjc-core==12.2.2
 - pyobjc-framework-applicationservices==12.2.2
 - pyobjc-framework-cocoa==12.2.2
 - pyobjc-framework-coretext==12.2.2
 - pyobjc-framework-quartz==12.2.2
 - pyopengl==3.1.10
 - pyparsing==3.3.2
 - python-dateutil==2.9.0.post0
 - robomimic==0.3.0
 - robosuite==1.4.1
 - scipy==1.13.1
 - setuptools==84.0.0
 - six==1.17.0
 - sympy==1.13.1
 - tensorboard==2.21.0
 - tensorboard-data-server==0.7.2
 - tensorboardx==2.6.5
 - termcolor==3.3.0
 - torch==2.5.1
 - torchvision==0.20.1
 - tqdm==4.70.1
 - werkzeug==3.1.8
 - zipp==4.1.0
