{
  "assignments": 24,
  "exact_combined_event_pairs": 6,
  "archive_bytes": 2583751,
  "readback_verified": true,
  "rows": [
    {
      "id": "Y03-stale-distinct-replacement--arrival_deadline_only",
      "sent": [
        1
      ],
      "refused": [],
      "assigned": "satisfied"
    },
    {
      "id": "Y03-stale-distinct-replacement--conventional",
      "sent": [],
      "refused": [
        "dispatch_age_overdue"
      ],
      "assigned": "violated"
    },
    {
      "id": "Y03-stale-distinct-replacement--conventional_combined_deadline",
      "sent": [
        1
      ],
      "refused": [],
      "assigned": "satisfied"
    },
    {
      "id": "Y03-stale-distinct-replacement--selected_combined_deadline",
      "sent": [
        1
      ],
      "refused": [],
      "assigned": "satisfied"
    },
    {
      "id": "T15-expiry-in-queue--arrival_deadline_only",
      "sent": [
        1
      ],
      "refused": [
        "empty_queue"
      ],
      "assigned": "violated"
    },
    {
      "id": "T15-expiry-in-queue--conventional",
      "sent": [
        10
      ],
      "refused": [
        "dispatch_age_overdue"
      ],
      "assigned": "satisfied"
    },
    {
      "id": "T15-expiry-in-queue--conventional_combined_deadline",
      "sent": [
        10
      ],
      "refused": [
        "dispatch_age_overdue"
      ],
      "assigned": "satisfied"
    },
    {
      "id": "T15-expiry-in-queue--selected_combined_deadline",
      "sent": [
        10
      ],
      "refused": [
        "dispatch_age_overdue"
      ],
      "assigned": "satisfied"
    },
    {
      "id": "T14-deadline-equality--arrival_deadline_only",
      "sent": [
        1
      ],
      "refused": [],
      "assigned": "satisfied"
    },
    {
      "id": "T14-deadline-equality--conventional",
      "sent": [
        1
      ],
      "refused": [],
      "assigned": "satisfied"
    },
    {
      "id": "T14-deadline-equality--conventional_combined_deadline",
      "sent": [
        1
      ],
      "refused": [],
      "assigned": "satisfied"
    },
    {
      "id": "T14-deadline-equality--selected_combined_deadline",
      "sent": [
        1
      ],
      "refused": [],
      "assigned": "satisfied"
    },
    {
      "id": "T11-missing-acquisition--arrival_deadline_only",
      "sent": [],
      "refused": [
        "empty_queue"
      ],
      "assigned": "violated"
    },
    {
      "id": "T11-missing-acquisition--conventional",
      "sent": [],
      "refused": [
        "dispatch_age_unresolved"
      ],
      "assigned": "violated"
    },
    {
      "id": "T11-missing-acquisition--conventional_combined_deadline",
      "sent": [],
      "refused": [
        "empty_queue"
      ],
      "assigned": "violated"
    },
    {
      "id": "T11-missing-acquisition--selected_combined_deadline",
      "sent": [],
      "refused": [
        "empty_queue"
      ],
      "assigned": "violated"
    },
    {
      "id": "C02-conflicting-fresh-first--arrival_deadline_only",
      "sent": [],
      "refused": [
        "empty_queue"
      ],
      "assigned": "violated"
    },
    {
      "id": "C02-conflicting-fresh-first--conventional",
      "sent": [],
      "refused": [
        "dispatch_age_unresolved"
      ],
      "assigned": "violated"
    },
    {
      "id": "C02-conflicting-fresh-first--conventional_combined_deadline",
      "sent": [],
      "refused": [
        "empty_queue"
      ],
      "assigned": "violated"
    },
    {
      "id": "C02-conflicting-fresh-first--selected_combined_deadline",
      "sent": [],
      "refused": [
        "empty_queue"
      ],
      "assigned": "violated"
    },
    {
      "id": "Y02-rejected-conflicting-delivery--arrival_deadline_only",
      "sent": [
        1
      ],
      "refused": [],
      "assigned": "violated"
    },
    {
      "id": "Y02-rejected-conflicting-delivery--conventional",
      "sent": [
        1
      ],
      "refused": [],
      "assigned": "violated"
    },
    {
      "id": "Y02-rejected-conflicting-delivery--conventional_combined_deadline",
      "sent": [
        1
      ],
      "refused": [],
      "assigned": "violated"
    },
    {
      "id": "Y02-rejected-conflicting-delivery--selected_combined_deadline",
      "sent": [
        1
      ],
      "refused": [],
      "assigned": "violated"
    }
  ]
}
