case	arm	declaration	receipt state	terminal record	findings
D01-gripper-sign	A	claim_acceptance	terminal_started_outcome_unknown	unknown	
D01-gripper-sign	B	claim_acceptance	declared_awaiting_terminal	unknown	
D02-cartesian-axis	A	claim_acceptance	declared_awaiting_terminal	unknown	
D02-cartesian-axis	B	claim_acceptance	declared_awaiting_terminal	unknown	
D03-observation-backlog	A	claim_acceptance	declared_awaiting_terminal	unknown	
D03-observation-backlog	B	claim_acceptance	declared_awaiting_terminal	unknown	
D04-observation-hold	A	claim_acceptance	declared_awaiting_terminal	unknown	
D04-observation-hold	B	claim_acceptance	declared_awaiting_terminal	unknown	
D05-recurrent-carry	A	claim_acceptance	declared_awaiting_terminal	unknown	
D05-recurrent-carry	B	claim_acceptance	declared_awaiting_terminal	unknown	
D06-stateless-inference	A	refuse	declared_awaiting_terminal	unknown	
D06-stateless-inference	B	refuse	declared_awaiting_terminal	unknown	
D07-sign-and-backlog	A	claim_acceptance	declared_awaiting_terminal	unknown	
D07-sign-and-backlog	B	claim_acceptance	declared_awaiting_terminal	unknown	
D08-old-future-replay	A	refuse	declared_awaiting_terminal	unknown	
D08-old-future-replay	B	refuse	declared_awaiting_terminal	unknown	
D09-action-suppression	A	claim_acceptance	declared_awaiting_terminal	unknown	
D09-action-suppression	B	claim_acceptance	declared_awaiting_terminal	unknown	
D10-opaque-policy-state	A	unresolved	declared_awaiting_terminal	unknown	
D10-opaque-policy-state	B	unresolved	declared_awaiting_terminal	unknown	
