{
  "historical_results": 190,
  "populations": [
    {
      "population": "original",
      "historical_results_read": 120
    },
    {
      "population": "exploratory_boundaries",
      "historical_results_read": 30
    },
    {
      "population": "precision_refinement",
      "historical_results_read": 6
    },
    {
      "population": "counterexample_reduction",
      "historical_results_read": 22
    },
    {
      "population": "request_binding_regression",
      "historical_results_read": 6
    },
    {
      "population": "cli_demonstration",
      "historical_results_read": 6
    }
  ],
  "execution_performed": false,
  "reassessment_performed": false
}
