[
  {
    "command": [
      "git",
      "-C",
      "/Users/danielwahnich/workspace/nisayon",
      "rev-parse",
      "--show-toplevel",
      "--abbrev-ref",
      "HEAD"
    ],
    "stdout": "/Users/danielwahnich/workspace/nisayon\nmain\n",
    "stderr": ""
  },
  {
    "command": [
      "git",
      "-C",
      "/Users/danielwahnich/workspace/nisayon",
      "rev-parse",
      "HEAD"
    ],
    "stdout": "21ed4f6a8d8c1f1acbef1036d8f7d31f83e29755\n",
    "stderr": ""
  },
  {
    "command": [
      "git",
      "-C",
      "/Users/danielwahnich/workspace/nisayon",
      "status",
      "--porcelain"
    ],
    "stdout": "",
    "stderr": ""
  },
  {
    "command": [
      "git",
      "remote",
      "-v"
    ],
    "stdout": "research\thttps://github.com/manfromnowhere143/nisayon.git (fetch)\nresearch\thttps://github.com/manfromnowhere143/nisayon.git (push)\n",
    "stderr": ""
  },
  {
    "command": [
      "git",
      "ls-remote",
      "research",
      "refs/heads/main",
      "refs/tags/v0.1.0",
      "refs/tags/v0.1.0^{}"
    ],
    "stdout": "886710e819c218b89b61ea7a4899ef01d2f2cd24\trefs/heads/main\ncf5732357293f07de95f469c65a18f7af1e67d3e\trefs/tags/v0.1.0\n886710e819c218b89b61ea7a4899ef01d2f2cd24\trefs/tags/v0.1.0^{}\n",
    "stderr": ""
  }
]
