F                                                                        [100%]
=================================== FAILURES ===================================
_____________________ test_bounded_read_and_literal_search _____________________
artifacts/release-candidate-001/tests/test_workspace.py:50: in test_bounded_read_and_literal_search
    matches = ws.search(workspace, "a.b")["matches"]
              ^^^^^^^^^^^^^^^^^^^^^^^^^^^
artifacts/release-candidate-001/src/nisayon/workspace.py:128: in search
    result = subprocess.run(command, cwd=root, capture_output=True, text=True, timeout=15)
             ^^^^^^^^^^^^^^^^^^^^^^^^^^^^^^^^^^^^^^^^^^^^^^^^^^^^^^^^^^^^^^^^^^^^^^^^^^^^^
../../.local/share/uv/python/cpython-3.12.13-macos-aarch64-none/lib/python3.12/subprocess.py:548: in run
    with Popen(*popenargs, **kwargs) as process:
         ^^^^^^^^^^^^^^^^^^^^^^^^^^^
../../.local/share/uv/python/cpython-3.12.13-macos-aarch64-none/lib/python3.12/subprocess.py:1026: in __init__
    self._execute_child(args, executable, preexec_fn, close_fds,
../../.local/share/uv/python/cpython-3.12.13-macos-aarch64-none/lib/python3.12/subprocess.py:1955: in _execute_child
    raise child_exception_type(errno_num, err_msg, err_filename)
E   FileNotFoundError: [Errno 2] No such file or directory: 'rg'
=========================== short test summary info ============================
FAILED artifacts/release-candidate-001/tests/test_workspace.py::test_bounded_read_and_literal_search
1 failed in 0.08s
