{
 "schema": "nisayon.temporal-integration.producer-comparison.v1",
 "records_dir": "docs/experiments/results/temporal-integration-001/precision-execution-001/traces",
 "expectations_sha256": "bcb96a1d5109fc070bbf2e15ffe5904ada1cbc8e726c78fd47a858034f95234b",
 "traces": 6,
 "unreadable": 0,
 "matched": 0,
 "predicates_agree": 0,
 "predicates_disagree": 0,
 "predicates_uncertain_resolved": 0,
 "contracts": {
  "satisfied": 0,
  "violated": 6,
  "unresolved": 0,
  "invalid": 0
 },
 "checker_cpu_seconds": 0.002558,
 "input_bytes": 40270,
 "scope": "the execution lane's produced software traces assessed by the separate reference model; every assigned record stays in the denominator; no robot outcome"
}
