{
  "development-ablation-001": {
    "assigned": 320,
    "observed": 224,
    "unexecuted": 96,
    "cost_opportunity": {
      "A": {
        "own_phase_s": 881.9536436703056,
        "diagnosis_s": 102.3311136260163,
        "confirmation_s": 779.6225300442893,
        "same_schedule_wall_ceiling_with_free_diagnosis": 1.131257255508256,
        "physical_runs": 569,
        "mandatory_confirmation_runs": 536,
        "exact_run_count_ceiling_for_this_fixed_confirmation_schedule": 1.0615671641791045
      },
      "B": {
        "own_phase_s": 926.1975609154906,
        "diagnosis_s": 138.96159279090352,
        "confirmation_s": 787.2359681245871,
        "same_schedule_wall_ceiling_with_free_diagnosis": 1.1765183482684973,
        "physical_runs": 569,
        "mandatory_confirmation_runs": 536,
        "exact_run_count_ceiling_for_this_fixed_confirmation_schedule": 1.0615671641791045
      }
    }
  },
  "bounded-agent-comparison-001": {
    "assigned": 96,
    "observed": 96,
    "unexecuted": 0,
    "cost_opportunity": {
      "A": {
        "own_phase_s": 422.27244054037146,
        "diagnosis_s": 79.47863966575824,
        "confirmation_s": 342.7938008746132,
        "same_schedule_wall_ceiling_with_free_diagnosis": 1.2318555337435342,
        "physical_runs": 210,
        "mandatory_confirmation_runs": 201,
        "exact_run_count_ceiling_for_this_fixed_confirmation_schedule": 1.044776119402985
      },
      "B": {
        "own_phase_s": 435.1575565431267,
        "diagnosis_s": 88.8963859998621,
        "confirmation_s": 346.2611705432646,
        "same_schedule_wall_ceiling_with_free_diagnosis": 1.2567321824170714,
        "physical_runs": 210,
        "mandatory_confirmation_runs": 201,
        "exact_run_count_ceiling_for_this_fixed_confirmation_schedule": 1.044776119402985
      }
    }
  }
}
