{
 "schema": "nisayon.temporal-integration.producer-comparison.v1",
 "records_dir": "docs/experiments/results/temporal-integration-001/execution-001/traces",
 "expectations_sha256": "bcb96a1d5109fc070bbf2e15ffe5904ada1cbc8e726c78fd47a858034f95234b",
 "traces": 120,
 "unreadable": 0,
 "matched": 120,
 "predicates_agree": 957,
 "predicates_disagree": 59,
 "predicates_uncertain_resolved": 64,
 "contracts": {
  "satisfied": 0,
  "violated": 84,
  "unresolved": 36,
  "invalid": 0
 },
 "checker_cpu_seconds": 0.036954,
 "input_bytes": 917603,
 "scope": "the execution lane's produced software traces assessed by the separate reference model; every assigned record stays in the denominator; no robot outcome"
}
DISAGREE T01-healthy arrival_deadline_only {'useful_execution': 'disagree:expected satisfied, observed violated'}
DISAGREE T01-healthy conventional {'useful_execution': 'disagree:expected satisfied, observed violated'}
DISAGREE T01-healthy reset_only {'useful_execution': 'disagree:expected satisfied, observed violated'}
DISAGREE T01-healthy selected_intervention {'useful_execution': 'disagree:expected satisfied, observed violated'}
DISAGREE T01-healthy unfenced_queue_control {'useful_execution': 'disagree:expected satisfied, observed violated'}
DISAGREE T03-late-after-reset arrival_deadline_only {'useful_execution': 'disagree:expected satisfied, observed unresolved'}
DISAGREE T03-late-after-reset conventional {'useful_execution': 'disagree:expected satisfied, observed unresolved'}
DISAGREE T03-late-after-reset reset_only {'useful_execution': 'disagree:expected satisfied, observed unresolved'}
DISAGREE T03-late-after-reset selected_intervention {'useful_execution': 'disagree:expected satisfied, observed unresolved'}
DISAGREE T03-late-after-reset unfenced_queue_control {'useful_execution': 'disagree:expected satisfied, observed unresolved'}
DISAGREE T04-reordered-responses arrival_deadline_only {'useful_execution': 'disagree:expected satisfied, observed unresolved'}
DISAGREE T04-reordered-responses conventional {'useful_execution': 'disagree:expected satisfied, observed unresolved'}
DISAGREE T04-reordered-responses reset_only {'useful_execution': 'disagree:expected satisfied, observed unresolved'}
DISAGREE T04-reordered-responses selected_intervention {'useful_execution': 'disagree:expected satisfied, observed unresolved'}
DISAGREE T04-reordered-responses unfenced_queue_control {'useful_execution': 'disagree:expected satisfied, observed unresolved'}
DISAGREE T06-duplicate-after-dispatch reset_only {'useful_execution': 'disagree:expected satisfied, observed unresolved'}
DISAGREE T06-duplicate-after-dispatch unfenced_queue_control {'useful_execution': 'disagree:expected satisfied, observed unresolved'}
DISAGREE T07-overlapping-chunks arrival_deadline_only {'useful_execution': 'disagree:expected satisfied, observed unresolved'}
DISAGREE T07-overlapping-chunks conventional {'useful_execution': 'disagree:expected satisfied, observed unresolved'}
DISAGREE T07-overlapping-chunks reset_only {'useful_execution': 'disagree:expected satisfied, observed unresolved'}
DISAGREE T07-overlapping-chunks selected_intervention {'useful_execution': 'disagree:expected satisfied, observed unresolved'}
DISAGREE T07-overlapping-chunks unfenced_queue_control {'useful_execution': 'disagree:expected satisfied, observed unresolved'}
DISAGREE T08-configuration-in-flight arrival_deadline_only {'useful_execution': 'disagree:expected satisfied, observed unresolved'}
DISAGREE T08-configuration-in-flight conventional {'useful_execution': 'disagree:expected satisfied, observed unresolved'}
DISAGREE T08-configuration-in-flight reset_only {'useful_execution': 'disagree:expected satisfied, observed unresolved'}
DISAGREE T08-configuration-in-flight selected_intervention {'useful_execution': 'disagree:expected satisfied, observed unresolved'}
DISAGREE T08-configuration-in-flight unfenced_queue_control {'useful_execution': 'disagree:expected satisfied, observed unresolved'}
DISAGREE T09-unbound-response reset_only {'useful_execution': 'disagree:expected satisfied, observed unresolved'}
DISAGREE T09-unbound-response unfenced_queue_control {'useful_execution': 'disagree:expected satisfied, observed unresolved'}
DISAGREE T10-response-config-mismatch reset_only {'useful_execution': 'disagree:expected satisfied, observed unresolved'}
DISAGREE T10-response-config-mismatch unfenced_queue_control {'useful_execution': 'disagree:expected satisfied, observed unresolved'}
DISAGREE T11-missing-acquisition reset_only {'useful_execution': 'disagree:expected satisfied, observed unresolved'}
DISAGREE T11-missing-acquisition unfenced_queue_control {'useful_execution': 'disagree:expected satisfied, observed unresolved'}
DISAGREE T12-unmapped-clock reset_only {'useful_execution': 'disagree:expected satisfied, observed unresolved'}
DISAGREE T12-unmapped-clock unfenced_queue_control {'useful_execution': 'disagree:expected satisfied, observed unresolved'}
DISAGREE T13-ambiguous-clock reset_only {'useful_execution': 'disagree:expected satisfied, observed violated'}
DISAGREE T13-ambiguous-clock unfenced_queue_control {'useful_execution': 'disagree:expected satisfied, observed violated'}
DISAGREE T14-deadline-equality arrival_deadline_only {'useful_execution': 'disagree:expected satisfied, observed violated'}
DISAGREE T14-deadline-equality conventional {'useful_execution': 'disagree:expected satisfied, observed violated'}
DISAGREE T14-deadline-equality reset_only {'useful_execution': 'disagree:expected satisfied, observed violated'}
DISAGREE T14-deadline-equality selected_intervention {'useful_execution': 'disagree:expected satisfied, observed violated'}
DISAGREE T14-deadline-equality unfenced_queue_control {'useful_execution': 'disagree:expected satisfied, observed violated'}
DISAGREE T15-expiry-in-queue arrival_deadline_only {'useful_execution': 'disagree:expected satisfied, observed violated'}
DISAGREE T15-expiry-in-queue reset_only {'useful_execution': 'disagree:expected satisfied, observed violated'}
DISAGREE T15-expiry-in-queue unfenced_queue_control {'useful_execution': 'disagree:expected satisfied, observed violated'}
DISAGREE T16-unacknowledged-dispatch arrival_deadline_only {'useful_execution': 'disagree:expected satisfied, observed unresolved'}
DISAGREE T16-unacknowledged-dispatch conventional {'useful_execution': 'disagree:expected satisfied, observed unresolved'}
DISAGREE T16-unacknowledged-dispatch reset_only {'useful_execution': 'disagree:expected satisfied, observed unresolved'}
DISAGREE T16-unacknowledged-dispatch selected_intervention {'useful_execution': 'disagree:expected satisfied, observed unresolved'}
DISAGREE T16-unacknowledged-dispatch unfenced_queue_control {'useful_execution': 'disagree:expected satisfied, observed unresolved'}
DISAGREE T17-failed-dispatch arrival_deadline_only {'useful_execution': 'disagree:expected satisfied, observed unresolved'}
DISAGREE T17-failed-dispatch conventional {'useful_execution': 'disagree:expected satisfied, observed unresolved'}
DISAGREE T17-failed-dispatch reset_only {'useful_execution': 'disagree:expected satisfied, observed unresolved'}
DISAGREE T17-failed-dispatch selected_intervention {'useful_execution': 'disagree:expected satisfied, observed unresolved'}
DISAGREE T17-failed-dispatch unfenced_queue_control {'useful_execution': 'disagree:expected satisfied, observed unresolved'}
DISAGREE T19-cancellation-is-not-completion reset_only {'useful_execution': 'disagree:expected satisfied, observed unresolved'}
DISAGREE T19-cancellation-is-not-completion unfenced_queue_control {'useful_execution': 'disagree:expected satisfied, observed unresolved'}
DISAGREE T20-inconsistent-clock reset_only {'useful_execution': 'disagree:expected satisfied, observed unresolved'}
DISAGREE T20-inconsistent-clock unfenced_queue_control {'useful_execution': 'disagree:expected satisfied, observed unresolved'}
