[
  {
    "name": "prospective_fair",
    "fair": true,
    "report_eligibility": {},
    "product_accepted": {
      "A": 2,
      "B": 2
    }
  },
  {
    "name": "all_abstain",
    "fair": true,
    "report_eligibility": {},
    "product_accepted": {
      "A": 0,
      "B": 2
    }
  },
  {
    "name": "missing_assigned_case",
    "fair": true,
    "report_eligibility": {},
    "product_accepted": {
      "A": 2,
      "B": 2
    }
  },
  {
    "name": "terminal_binding_broken",
    "fair": false,
    "report_eligibility": {},
    "product_accepted": {
      "A": 2,
      "B": 2
    }
  },
  {
    "name": "reference_missing",
    "fair": true,
    "report_eligibility": {},
    "product_accepted": {
      "A": 1,
      "B": 2
    }
  },
  {
    "name": "reference_corrupt",
    "fair": false,
    "report_eligibility": {},
    "product_accepted": {
      "A": 1,
      "B": 2
    }
  },
  {
    "name": "unsupported_acceptance_invalid",
    "fair": true,
    "report_eligibility": {},
    "product_accepted": {
      "A": 2,
      "B": 2
    }
  },
  {
    "name": "partial_costs",
    "fair": true,
    "report_eligibility": {},
    "product_accepted": {
      "A": 2,
      "B": 2
    }
  },
  {
    "name": "over_budget_supported",
    "fair": true,
    "report_eligibility": {},
    "product_accepted": {
      "A": 1,
      "B": 2
    }
  }
]
