case	arm	declaration	receipt state	terminal record	findings
D01-gripper-sign	A	claim_acceptance	terminal_evidence_retained	accepted	
D01-gripper-sign	B	claim_acceptance	terminal_evidence_retained	accepted	
D02-cartesian-axis	A	claim_acceptance	terminal_evidence_retained	accepted	
D02-cartesian-axis	B	claim_acceptance	terminal_evidence_retained	accepted	
D03-observation-backlog	A	claim_acceptance	terminal_evidence_retained	accepted	
D03-observation-backlog	B	claim_acceptance	terminal_evidence_retained	accepted	
D04-observation-hold	A	claim_acceptance	terminal_evidence_retained	accepted	
D04-observation-hold	B	claim_acceptance	terminal_evidence_retained	accepted	
D05-recurrent-carry	A	claim_acceptance	terminal_evidence_retained	rejected	
D05-recurrent-carry	B	claim_acceptance	terminal_evidence_retained	rejected	
D06-stateless-inference	A	refuse	terminal_evidence_retained	unresolved	
D06-stateless-inference	B	refuse	terminal_evidence_retained	unresolved	
D07-sign-and-backlog	A	claim_acceptance	terminal_evidence_retained	accepted	
D07-sign-and-backlog	B	claim_acceptance	terminal_evidence_retained	accepted	
D08-old-future-replay	A	refuse	terminal_evidence_retained	unresolved	
D08-old-future-replay	B	refuse	terminal_evidence_retained	unresolved	
D09-action-suppression	A	claim_acceptance	terminal_evidence_retained	accepted	
D09-action-suppression	B	claim_acceptance	terminal_evidence_retained	accepted	
D10-opaque-policy-state	A	unresolved	terminal_evidence_retained	unresolved	
D10-opaque-policy-state	B	unresolved	terminal_evidence_retained	unresolved	
