{
  "schema": "nisayon.research-publication-readback.v1",
  "verified_at": "2026-09-18T20:15:18.115951+00:00",
  "repository": "https://github.com/manfromnowhere143/nisayon",
  "visibility": "public",
  "default_branch": "main",
  "public_main_revision": "886710e819c218b89b61ea7a4899ef01d2f2cd24",
  "tag": "v0.1.0",
  "tag_object": "cf5732357293f07de95f469c65a18f7af1e67d3e",
  "tag_revision": "886710e819c218b89b61ea7a4899ef01d2f2cd24",
  "tagger": {
    "name": "Daniel Wahnich",
    "email": "cogitoergosum143@gmail.com",
    "date": "2026-09-18T20:12:14Z"
  },
  "license": "Apache-2.0",
  "release_id": 391759576,
  "release_url": "https://github.com/manfromnowhere143/nisayon/releases/tag/v0.1.0",
  "published_at": "2026-09-18T20:15:15Z",
  "release_notes_sha256": "5a0be62f962d0d496ae6e4384e1b011dcaf874713cbb30080640744e6c4c2315",
  "release_notes_exact_match": true,
  "asset": {
    "id": 573374770,
    "name": "validation.json",
    "url": "https://github.com/manfromnowhere143/nisayon/releases/download/v0.1.0/validation.json",
    "bytes": 15330,
    "sha256": "d1e13bbc90b0c54ec1e9fbbc34f21aee4b07fab0d5fab000e92bbb46f5421d91",
    "downloaded_bytes_exact_match": true
  },
  "not_distributed": [
    "private development ancestors",
    "private session configuration and memory",
    "model weights and training data",
    "full simulator stores",
    "package registry upload"
  ]
}
