[
  {
    "fixture": "positive",
    "synthetic": true,
    "exit": 0,
    "study_usable": true,
    "assignments_retained": 8,
    "reference_decision": "accepted",
    "findings": [
      "declaration_order_unverified",
      "trial_names_no_execution_record"
    ]
  },
  {
    "fixture": "start_observed_absent",
    "synthetic": true,
    "exit": 1,
    "study_usable": false,
    "assignments_retained": 8,
    "reference_decision": "accepted",
    "findings": [
      "declaration_order_unverified",
      "terminal_binding_unverifiable",
      "trial_names_no_execution_record"
    ]
  }
]
