{
  "pairs": [
    {
      "remedy": "unfenced_queue_control",
      "fresh_first": "C02-conflicting-fresh-first--unfenced_queue_control",
      "stale_first": "C03-conflicting-stale-first--unfenced_queue_control",
      "mapping_multiset_equal": true,
      "logical_events_equal_after_scoped_id_removal": true,
      "removed_identity_fields": [
        "input_id",
        "delivery_id",
        "dispatch_id"
      ],
      "assigned_contracts": [
        "satisfied",
        "violated"
      ],
      "freshness": [
        "satisfied",
        "violated"
      ]
    },
    {
      "remedy": "conventional",
      "fresh_first": "C02-conflicting-fresh-first--conventional",
      "stale_first": "C03-conflicting-stale-first--conventional",
      "mapping_multiset_equal": true,
      "logical_events_equal_after_scoped_id_removal": true,
      "removed_identity_fields": [
        "input_id",
        "delivery_id",
        "dispatch_id"
      ],
      "assigned_contracts": [
        "violated",
        "violated"
      ],
      "freshness": [
        "satisfied",
        "satisfied"
      ]
    }
  ],
  "archive_bytes": 845360
}
