{
  "before-001": {
    "files": 16438,
    "manifest_sha256": "b731d987c4424366da368b34a1da2de98ca168f9c2cd825dc8d79de43f9213d6",
    "bytes": 26242839
  },
  "before-002": {
    "files": 16438,
    "manifest_sha256": "b8e58b3e8ebc5b42d64df92ffc63e8704f998360e1478ab006e6a49ae50b06f1",
    "bytes": 26237215
  },
  "after-001": {
    "files": 16470,
    "manifest_sha256": "965d77d15ff18d29d5ab09831a6698a27f76404aedc83b60bcca1b2894f38d1a",
    "bytes": 28587615
  },
  "after-002": {
    "files": 16472,
    "manifest_sha256": "6d594167011c279489c4238d51f7191f0cd5b8004241c9b247f7ca59fdf4990a",
    "bytes": 28671017
  }
}
