{
  "evaluation_delivery": "8e5465051a583823ce8bf3914846e71046fbdeee",
  "populations": [
    {
      "name": "original",
      "status": "readback_complete",
      "assignment_count": 120,
      "complete_records": 120,
      "old_contract_counts": {
        "violated": 84,
        "unresolved": 36
      },
      "new_contract_counts": {
        "violated": 84,
        "unresolved": 36
      },
      "assigned_contract_counts": {
        "satisfied": 43,
        "violated": 62,
        "unresolved": 15
      },
      "assigned_usefulness_counts": {
        "satisfied": 77,
        "violated": 43
      },
      "retrospective_counts": {
        "chunk_target_alignment": {
          "satisfied": 113,
          "violated": 5,
          "unresolved": 2
        },
        "observation_context": {
          "satisfied": 120
        }
      },
      "contract_meanings": {
        "reference_contract_counts": "Original nine-predicate contract, including per-generation coverage.",
        "assigned_contract_counts": "Same other predicates with the separately frozen whole-case dispatch requirement; not_declared means no assigned contract was supplied.",
        "retrospective_counts": "Later alignment and observation-context readings, outside both frozen contracts."
      },
      "assessment_sha256": "9f23aeed04eb44411c9baf62fb6109b5c77388773ec2df86716b425f8cf94c5e",
      "reuse_status": "bound"
    },
    {
      "name": "exploratory_boundaries",
      "status": "readback_complete",
      "assignment_count": 30,
      "complete_records": 30,
      "old_contract_counts": {
        "violated": 26,
        "unresolved": 4
      },
      "new_contract_counts": {
        "violated": 28,
        "unresolved": 2
      },
      "assigned_contract_counts": {
        "violated": 22,
        "satisfied": 5,
        "unresolved": 3
      },
      "assigned_usefulness_counts": {
        "satisfied": 18,
        "violated": 12
      },
      "retrospective_counts": {
        "chunk_target_alignment": {
          "satisfied": 26,
          "violated": 4
        },
        "observation_context": {
          "satisfied": 30
        }
      },
      "contract_meanings": {
        "reference_contract_counts": "Original nine-predicate contract, including per-generation coverage.",
        "assigned_contract_counts": "Same other predicates with the separately frozen whole-case dispatch requirement; not_declared means no assigned contract was supplied.",
        "retrospective_counts": "Later alignment and observation-context readings, outside both frozen contracts."
      },
      "assessment_sha256": "0df32023feace7f30a5415b783d487330120ae03497923a64c5cdffefd288088",
      "reuse_status": "bound"
    },
    {
      "name": "precision_refinement",
      "status": "readback_complete",
      "assignment_count": 6,
      "complete_records": 6,
      "old_contract_counts": {
        "violated": 6
      },
      "new_contract_counts": {
        "violated": 6
      },
      "assigned_contract_counts": {
        "violated": 6
      },
      "assigned_usefulness_counts": {
        "satisfied": 3,
        "violated": 3
      },
      "retrospective_counts": {
        "chunk_target_alignment": {
          "satisfied": 6
        },
        "observation_context": {
          "satisfied": 6
        }
      },
      "contract_meanings": {
        "reference_contract_counts": "Original nine-predicate contract, including per-generation coverage.",
        "assigned_contract_counts": "Same other predicates with the separately frozen whole-case dispatch requirement; not_declared means no assigned contract was supplied.",
        "retrospective_counts": "Later alignment and observation-context readings, outside both frozen contracts."
      },
      "assessment_sha256": "80c085e77542b925cab4f8ccbc8beed06d8cf9499395b58f684e35737e6a05f6",
      "reuse_status": "bound"
    },
    {
      "name": "counterexample_reduction",
      "status": "readback_complete",
      "assignment_count": 22,
      "complete_records": 22,
      "old_contract_counts": {
        "unresolved": 9,
        "violated": 13
      },
      "new_contract_counts": {
        "violated": 19,
        "unresolved": 3
      },
      "assigned_contract_counts": {
        "violated": 14,
        "satisfied": 6,
        "unresolved": 2
      },
      "assigned_usefulness_counts": {
        "satisfied": 16,
        "violated": 6
      },
      "retrospective_counts": {
        "chunk_target_alignment": {
          "violated": 6,
          "satisfied": 15,
          "unresolved": 1
        },
        "observation_context": {
          "unresolved": 2,
          "satisfied": 19,
          "violated": 1
        }
      },
      "contract_meanings": {
        "reference_contract_counts": "Original nine-predicate contract, including per-generation coverage.",
        "assigned_contract_counts": "Same other predicates with the separately frozen whole-case dispatch requirement; not_declared means no assigned contract was supplied.",
        "retrospective_counts": "Later alignment and observation-context readings, outside both frozen contracts."
      },
      "assessment_sha256": "66f96ea36562e0d8c3b21b957ac595e1c272c499c9b7de50b17cb110e7fbc8c0",
      "reuse_status": "bound"
    },
    {
      "name": "request_binding_regression",
      "status": "readback_complete",
      "assignment_count": 6,
      "complete_records": 6,
      "old_contract_counts": {
        "violated": 6
      },
      "new_contract_counts": {
        "violated": 6
      },
      "assigned_contract_counts": {
        "unresolved": 1,
        "violated": 2,
        "satisfied": 3
      },
      "assigned_usefulness_counts": {
        "satisfied": 4,
        "violated": 2
      },
      "retrospective_counts": {
        "chunk_target_alignment": {
          "satisfied": 6
        },
        "observation_context": {
          "unresolved": 1,
          "satisfied": 5
        }
      },
      "contract_meanings": {
        "reference_contract_counts": "Original nine-predicate contract, including per-generation coverage.",
        "assigned_contract_counts": "Same other predicates with the separately frozen whole-case dispatch requirement; not_declared means no assigned contract was supplied.",
        "retrospective_counts": "Later alignment and observation-context readings, outside both frozen contracts."
      },
      "assessment_sha256": "4ddb435736d3ff6973d0112496cdf1f9468795916d575fa05cacc43e6420c733",
      "reuse_status": "bound"
    },
    {
      "name": "cli_demonstration",
      "status": "readback_complete",
      "assignment_count": 6,
      "complete_records": 6,
      "old_contract_counts": {
        "violated": 3,
        "unresolved": 3
      },
      "new_contract_counts": {
        "violated": 3,
        "unresolved": 3
      },
      "assigned_contract_counts": {
        "violated": 3,
        "satisfied": 3
      },
      "assigned_usefulness_counts": {
        "satisfied": 5,
        "violated": 1
      },
      "retrospective_counts": {
        "chunk_target_alignment": {
          "satisfied": 6
        },
        "observation_context": {
          "satisfied": 6
        }
      },
      "contract_meanings": {
        "reference_contract_counts": "Original nine-predicate contract, including per-generation coverage.",
        "assigned_contract_counts": "Same other predicates with the separately frozen whole-case dispatch requirement; not_declared means no assigned contract was supplied.",
        "retrospective_counts": "Later alignment and observation-context readings, outside both frozen contracts."
      },
      "assessment_sha256": "15d752d52e92a7b57a938e40f65c20235be40a2f4233bface5917e8c9aca7d41",
      "reuse_status": "bound"
    }
  ],
  "stopped": null,
  "retained_bytes": 8286494,
  "output_suballocation_bytes": 10485760,
  "costs": {
    "read_reconcile_before_final_write_wall_s": 8.555011708056554,
    "read_reconcile_before_final_write_cpu_s": 8.061087,
    "scope": "Current reads, assessment, sealed-result verification and delta serialization. Historical executions are not charged again; nested assessment meters are not additions."
  }
}
