{
  "schema": "nisayon.temporal-profile.v1",
  "plan_sha256": "f79dbdace45b2cc5d4f45d1cc70347e74fb55e4b898fc21a8ade1e1d9f23df77",
  "platform": "macOS-14.4-arm64-arm-64bit",
  "measured_phase_totals": {
    "capture_including_seal": {
      "wall_s": 0.5070337890647352,
      "cpu_s": 0.4696889999999998
    },
    "verify_and_inspect": {
      "wall_s": 0.41139362403191626,
      "cpu_s": 0.41029099999999974
    },
    "separate_reference": {
      "wall_s": 0.001515998737886548,
      "cpu_s": 0.0015179999999996585
    },
    "serialize_inspection_to_bytes": {
      "wall_s": 0.003023748518899083,
      "cpu_s": 0.0030269999999999464
    }
  },
  "profile_envelope_wall_s": 1.1649357918649912,
  "profile_envelope_cpu_s": 1.1129440000000002,
  "total_process_cpu_s_before_final_record": 1.174928,
  "retained_bytes_before_final_record": 8949190,
  "stopped_reason": null,
  "memory_scope": "Cumulative process high-water resident set, not incremental case memory.",
  "cost_boundary": "Per-phase and per-capture costs are nested in this envelope and the enclosing recorded command; do not sum them again. Initial imports, Git/source preparation and final record serialization are outside the timed envelope. Total process CPU includes imports and preparation but not child Git CPU.",
  "comparison_scope": "Equivalent conventional and selected remedies on fixed exposed software repeats. No robot, model or complete-engineering-workflow saving is inferred.",
  "unknowns": [
    "active engineering effort",
    "unrecorded tool overhead",
    "charges",
    "energy"
  ]
}
